******************************************************************************
             TMS320C2000 Linker PC v16.9.6                     
******************************************************************************
>> Linked Sun Jan 28 15:29:46 2018

OUTPUT FILE NAME:   <proj_lab03b.out>
ENTRY POINT SYMBOL: "code_start"  address: 003f7ff6


MEMORY CONFIGURATION

         name            origin    length      used     unused   attr    fill
----------------------  --------  ---------  --------  --------  ----  --------
PAGE 0:
  P_RAML0               00008000   00000980  000006c9  000002b7  RWIX
  OTP                   003d7800   00000400  00000000  00000400  RWIX
  FLASHB_D              003f0000   00006000  00003f5b  000020a5  RWIX
  D_FLASHA              003f6000   00001f80  00000086  00001efa  RWIX
  CSM_RSVD              003f7f80   00000076  00000000  00000076  RWIX
  BEGIN                 003f7ff6   00000002  00000002  00000000  RWIX
  CSM_PWL_P0            003f7ff8   00000008  00000000  00000008  RWIX
  IQTABLES              003fe000   00000b50  00000000  00000b50  RWIX
  IQTABLES2             003feb50   0000008c  00000000  0000008c  RWIX
  IQTABLES3             003febdc   000000aa  00000000  000000aa  RWIX
  ROM                   003ff27c   00000d44  00000000  00000d44  RWIX
  RESET                 003fffc0   00000002  00000000  00000002  RWIX
  VECTORS               003fffc2   0000003e  00000000  0000003e  RWIX

PAGE 1:
  RAMM0_M1              00000000   00000600  00000417  000001e9  RWIX
  D_RAML0               00008980   00000680  00000180  00000500  RWIX


SECTION ALLOCATION MAP

 output                                  attributes/
section   page    origin      length       input sections
--------  ----  ----------  ----------   ----------------
ramfuncs   0    003f0000    000006c9     RUN ADDR = 00008000
                  003f0000    0000052b     ctrl.obj (ramfuncs)
                  003f052b    0000014a     proj_lab03b.obj (ramfuncs:retain)
                  003f0675    00000032     flash.obj (ramfuncs)
                  003f06a7    0000001e     hal.obj (ramfuncs)
                  003f06c5    00000004     usDelay.obj (ramfuncs)

.text      0    003f06c9    000037be     
                  003f06c9    00000e94     fast_public.lib : ctrl_priv.obj (.text)
                  003f155d    000008c7     hal.obj (.text)
                  003f1e24    0000077b     drv8305.obj (.text)
                  003f259f    00000458     ctrl.obj (.text)
                  003f29f7    0000042e     user.obj (.text)
                  003f2e25    00000350     proj_lab03b.obj (.text)
                  003f3175    000002f7     pwm.obj (.text)
                  003f346c    000001ea     adc.obj (.text)
                  003f3656    00000149     gpio.obj (.text)
                  003f379f    0000012b     clk.obj (.text)
                  003f38ca    000000ff     pie.obj (.text)
                  003f39c9    000000a9     spi.obj (.text)
                  003f3a72    00000069     rts2800_ml.lib : s_ceilf.obj (.text)
                  003f3adb    0000005b     pll.obj (.text)
                  003f3b36    00000054     rts2800_ml.lib : boot28.obj (.text)
                  003f3b8a    00000047     offset.obj (.text)
                  003f3bd1    00000046     wdog.obj (.text)
                  003f3c17    00000044     pwr.obj (.text)
                  003f3c5b    00000038     fem.obj (.text)
                  003f3c93    00000032     timer.obj (.text)
                  003f3cc5    0000002d     osc.obj (.text)
                  003f3cf2    0000002a     rts2800_ml.lib : l_div28.obj (.text)
                  003f3d1c    00000029                    : exit.obj (.text)
                  003f3d45    00000025     cpu.obj (.text)
                  003f3d6a    00000024     rts2800_ml.lib : cpy_tbl.obj (.text)
                  003f3d8e    00000021     filter_fo.obj (.text)
                  003f3daf    00000021     rts2800_ml.lib : fs_toul28.obj (.text)
                  003f3dd0    00000020     flash.obj (.text)
                  003f3df0    0000001d     rts2800_ml.lib : fs_tou28.obj (.text)
                  003f3e0d    0000001d                    : memcpy.obj (.text)
                  003f3e2a    0000001c     cpu_usage.obj (.text)
                  003f3e46    00000019     rts2800_ml.lib : args_main.obj (.text)
                  003f3e5f    0000000f     memCopy.obj (.text)
                  003f3e6e    00000009     rts2800_ml.lib : _lock.obj (.text)
                  003f3e77    00000008     CodeStartBranch.obj (.text)
                  003f3e7f    00000005     pie.obj (.text:retain)
                  003f3e84    00000002     rts2800_ml.lib : pre_init.obj (.text)
                  003f3e86    00000001                    : startup.obj (.text)

.cinit     0    003f3e87    000000d4     
                  003f3e87    000000b6     proj_lab03b.obj (.cinit)
                  003f3f3d    0000000e     rts2800_ml.lib : exit.obj (.cinit)
                  003f3f4b    00000005                    : _lock.obj (.cinit:__lock)
                  003f3f50    00000005                    : _lock.obj (.cinit:__unlock)
                  003f3f55    00000004     drv8305.obj (.cinit)
                  003f3f59    00000002     --HOLE-- [fill = 0]

.pinit     0    003f0000    00000000     UNINITIALIZED

.econst    0    003f6000    00000086     
                  003f6000    0000005c     fast_public.lib : ctrl_priv.obj (.econst)
                  003f605c    00000008     user.obj (.econst)
                  003f6064    00000004     ctrl.obj (.econst:_$P$T0$1)
                  003f6068    00000004     ctrl.obj (.econst:_$P$T1$2)
                  003f606c    00000004     ctrl.obj (.econst:_$P$T2$3)
                  003f6070    00000004     ctrl.obj (.econst:_$P$T3$4)
                  003f6074    00000004     ctrl.obj (.econst:_$P$T4$5)
                  003f6078    00000004     ctrl.obj (.econst:_$P$T5$6)
                  003f607c    00000004     ctrl.obj (.econst)
                  003f6080    00000004     hal.obj (.econst)
                  003f6084    00000002     rts2800_ml.lib : s_ceilf.obj (.econst)

codestart 
*          0    003f7ff6    00000002     
                  003f7ff6    00000002     CodeStartBranch.obj (codestart)

.ebss      1    00000000    00000355     UNINITIALIZED
                  00000000    00000348     proj_lab03b.obj (.ebss)
                  00000348    00000006     rts2800_ml.lib : exit.obj (.ebss)
                  0000034e    00000002                    : _lock.obj (.ebss:__lock)
                  00000350    00000002                    : _lock.obj (.ebss:__unlock)
                  00000352    00000002     drv8305.obj (.ebss)
                  00000354    00000001     cpu.obj (.ebss)

rom_accessed_data 
*          1    00000380    000000c2     UNINITIALIZED
                  00000380    000000c2     hal.obj (rom_accessed_data)

.stack     1    00008980    00000180     UNINITIALIZED
                  00008980    00000180     --HOLE--

.reset     0    003fffc0    00000002     DSECT
                  003fffc0    00000002     rts2800_ml.lib : boot28.obj (.reset)

vectors    0    003fffc2    00000000     DSECT

MODULE SUMMARY

       Module                code    initialized data   uninitialized data
       ------                ----    ----------------   ------------------
    .\
       ctrl.obj              3758    28                 0                 
       proj_lab03b.obj       1508    182                840               
       hal.obj               2307    4                  194               
       drv8305.obj           1915    4                  2                 
       user.obj              1070    8                  0                 
       pwm.obj               759     0                  0                 
       adc.obj               490     0                  0                 
       gpio.obj              329     0                  0                 
       clk.obj               299     0                  0                 
       pie.obj               260     0                  0                 
       spi.obj               169     0                  0                 
       flash.obj             132     0                  0                 
       pll.obj               91      0                  0                 
       offset.obj            71      0                  0                 
       wdog.obj              70      0                  0                 
       pwr.obj               68      0                  0                 
       fem.obj               56      0                  0                 
       timer.obj             50      0                  0                 
       osc.obj               45      0                  0                 
       cpu.obj               37      0                  1                 
       filter_fo.obj         33      0                  0                 
       cpu_usage.obj         28      0                  0                 
       memCopy.obj           15      0                  0                 
       CodeStartBranch.obj   10      0                  0                 
       usDelay.obj           8       0                  0                 
    +--+---------------------+-------+------------------+--------------------+
       Total:                13578   226                1037              
                                                                          
    D:/ti/ccsv7/tools/compiler/ti-cgt-c2000_16.9.6.LTS/lib/rts2800_ml.lib
       s_ceilf.obj           105     2                  0                 
       boot28.obj            84      0                  0                 
       exit.obj              41      14                 6                 
       l_div28.obj           42      0                  0                 
       cpy_tbl.obj           36      0                  0                 
       fs_toul28.obj         33      0                  0                 
       fs_tou28.obj          29      0                  0                 
       memcpy.obj            29      0                  0                 
       args_main.obj         25      0                  0                 
       _lock.obj             9       10                 4                 
       pre_init.obj          2       0                  0                 
       startup.obj           1       0                  0                 
    +--+---------------------+-------+------------------+--------------------+
       Total:                436     26                 10                
                                                                          
    D:/ti/motorware/motorware_1_01_00_18/sw/modules/fast/lib/32b/f28x/f2802x/fast_public.lib
       ctrl_priv.obj         3732    92                 0                 
    +--+---------------------+-------+------------------+--------------------+
       Total:                3732    92                 0                 
                                                                          
       Stack:                0       0                  384               
    +--+---------------------+-------+------------------+--------------------+
       Grand Total:          17746   344                1431              


GLOBAL DATA SYMBOLS: SORTED BY DATA PAGE

address     data page           name
--------    ----------------    ----
00000000       0 (00000000)     _gLEDcnt
00000001       0 (00000000)     _gCounter_updateGlobals
00000002       0 (00000000)     _Flag_Latch_softwareUpdate
00000004       0 (00000000)     _gFlux_pu_to_VpHz_sf
00000006       0 (00000000)     _gFlux_pu_to_Wb_sf
00000008       0 (00000000)     _gTorque_Ls_Id_Iq_pu_to_Nm_sf
0000000a       0 (00000000)     _gTorque_Flux_Iq_pu_to_Nm_sf
0000000c       0 (00000000)     _gMaxCurrentSlope
0000000e       0 (00000000)     _femHandle
00000010       0 (00000000)     _gMaxDeltaCntObserved
00000012       0 (00000000)     _halHandle
00000014       0 (00000000)     _ctrlHandle
00000016       0 (00000000)     _gNumFreqErrors
00000018       0 (00000000)     _gCpuUsagePercentageMin
0000001a       0 (00000000)     _gCpuUsagePercentageMax
0000001c       0 (00000000)     _gCpuUsagePercentageAvg
0000001e       0 (00000000)     _cpu_usageHandle
00000020       0 (00000000)     _gPwmData
00000026       0 (00000000)     _gAdcData

00000040       1 (00000040)     _fem
00000052       1 (00000040)     _cpu_usage

00000080       2 (00000080)     _gDrvSpi8305Vars

00000100       4 (00000100)     _gMotorVars

00000180       6 (00000180)     _gUserParams

00000240       9 (00000240)     _ctrl

00000348       d (00000340)     ___TI_enable_exit_profile_output
0000034a       d (00000340)     ___TI_cleanup_ptr
0000034c       d (00000340)     ___TI_dtors_ptr
0000034e       d (00000340)     __lock
00000350       d (00000340)     __unlock
00000354       d (00000340)     _cpu

00000380       e (00000380)     _hal

00008980     226 (00008980)     __stack


GLOBAL SYMBOLS: SORTED ALPHABETICALLY BY Name 

page  address   name                                             
----  -------   ----                                             
0     003f06c9  .text                                            
0     003f3d1c  C$$EXIT                                          
abs   003fdc5e  FD$$MPY                                          
abs   003fdf7b  FD$$TOL                                          
abs   003fdeb8  FS$$ADD                                          
abs   003fdf2b  FS$$CMP                                          
abs   003fdce1  FS$$DIV                                          
abs   003fdde7  FS$$MPY                                          
abs   003fff4d  FS$$NEG                                          
abs   003fdeb3  FS$$SUB                                          
abs   003fdfb7  FS$$TOFD                                         
abs   003fff0e  FS$$TOI                                          
0     003f3df0  FS$$TOU                                          
0     003f3daf  FS$$TOUL                                         
abs   003fff33  I$$TOFS                                          
0     003f3cf2  L$$DIV                                           
0     003f3d01  L$$MOD                                           
abs   003ff8bd  U$$TOFS                                          
0     003f3d0f  UL$$DIV                                          
0     003f3d16  UL$$MOD                                          
abs   003ff8aa  UL$$TOFS                                         
0     003f364c  _ADC_disable                                     
0     003f3642  _ADC_disableBandGap                              
0     003f362b  _ADC_disableInt                                  
0     003f3621  _ADC_disableNoOverlapMode                        
0     003f3617  _ADC_disableRefBuffers                           
0     003f360d  _ADC_disableVoltRefLoConv                        
0     003f3603  _ADC_enable                                      
0     003f35f9  _ADC_enableBandGap                               
0     003f35e3  _ADC_enableInt                                   
0     003f35d9  _ADC_enableNoOverlapMode                         
0     003f35cf  _ADC_enableRefBuffers                            
0     003f35c5  _ADC_enableVoltRefLoConv                         
0     003f35c0  _ADC_getDivideSelect                             
0     003f35b8  _ADC_init                                        
0     003f35ae  _ADC_powerDown                                   
0     003f35a4  _ADC_powerUp                                     
0     003f359a  _ADC_reset                                       
0     003f3589  _ADC_setDivideSelect                             
0     003f3568  _ADC_setIntMode                                  
0     003f3557  _ADC_setIntPulseGenMode                          
0     003f3536  _ADC_setIntSrc                                   
0     003f352f  _ADC_setOffTrim                                  
0     003f3518  _ADC_setSampleMode                               
0     003f3505  _ADC_setSampleOverlapMode                        
0     003f34f1  _ADC_setSocChanNumber                            
0     003f34e7  _ADC_setSocFrc                                   
0     003f34e0  _ADC_setSocFrcWord                               
0     003f34cc  _ADC_setSocSampleDelay                           
0     003f34b8  _ADC_setSocTrigSrc                               
0     003f34a7  _ADC_setTempSensorSrc                            
0     003f3496  _ADC_setVoltRefSrc                               
0     003f346c  _ADC_setupSocTrigSrc                             
0     003f38c3  _CLK_disableAdcClock                             
0     003f38bd  _CLK_disableClkIn                                
0     003f38b9  _CLK_disableCompClock                            
0     003f38b2  _CLK_disableCpuTimerClock                        
0     003f38ac  _CLK_disableCrystalOsc                           
0     003f38a5  _CLK_disableEcap1Clock                           
0     003f389e  _CLK_disableGpioInputClock                       
0     003f3897  _CLK_disableHrPwmClock                           
0     003f3890  _CLK_disableI2cClock                             
0     003f388a  _CLK_disableOsc1                                 
0     003f3884  _CLK_disableOsc1HaltMode                         
0     003f387e  _CLK_disableOsc2                                 
0     003f3878  _CLK_disableOsc2HaltMode                         
0     003f386e  _CLK_disablePwmClock                             
0     003f3867  _CLK_disableSciaClock                            
0     003f3860  _CLK_disableSpiaClock                            
0     003f3859  _CLK_disableTbClockSync                          
0     003f3853  _CLK_disableWatchDogHaltMode                     
0     003f384c  _CLK_enableAdcClock                              
0     003f3846  _CLK_enableClkIn                                 
0     003f3840  _CLK_enableCompClock                             
0     003f383a  _CLK_enableCpuTimerClock                         
0     003f3834  _CLK_enableCrystalOsc                            
0     003f382d  _CLK_enableEcap1Clock                            
0     003f3826  _CLK_enableGpioInputClock                        
0     003f381f  _CLK_enableHrPwmClock                            
0     003f3818  _CLK_enableI2cClock                              
0     003f3812  _CLK_enableOsc1                                  
0     003f380c  _CLK_enableOsc1HaltMode                          
0     003f3806  _CLK_enableOsc2                                  
0     003f3800  _CLK_enableOsc2HaltMode                          
0     003f37f7  _CLK_enablePwmClock                              
0     003f37f0  _CLK_enableSciaClock                             
0     003f37e9  _CLK_enableSpiaClock                             
0     003f37e2  _CLK_enableTbClockSync                           
0     003f37dc  _CLK_enableWatchDogHaltMode                      
0     003f37d6  _CLK_init                                        
0     003f37cf  _CLK_setClkOutPreScaler                          
0     003f37c9  _CLK_setLowSpdPreScaler                          
0     003f37c2  _CLK_setOsc2Src                                  
0     003f37bb  _CLK_setOscSrc                                   
0     003f37b4  _CLK_setTimer2PreScale                           
0     003f37ad  _CLK_setTimer2Src                                
0     003f37a6  _CLK_setWatchDogSrc                              
0     003f379f  _CLK_setXClkInSrc                                
0     003f3e40  _CPU_USAGE_init                                  
0     003f3e2a  _CPU_USAGE_setParams                             
0     003f3d67  _CPU_clearIntFlags                               
0     003f3d64  _CPU_disableDebugInt                             
0     003f3d61  _CPU_disableGlobalInts                           
0     003f3d5c  _CPU_disableInt                                  
0     003f3d59  _CPU_disableInts                                 
0     003f3d56  _CPU_disableProtectedRegisterWrite               
0     003f3d53  _CPU_enableDebugInt                              
0     003f3d50  _CPU_enableGlobalInts                            
0     003f3d4c  _CPU_enableInt                                   
0     003f3d49  _CPU_enableProtectedRegisterWrite                
0     003f3d45  _CPU_init                                        
0     003f29bb  _CTRL_getGains                                   
0     003f29b4  _CTRL_getIab_filt_pu                             
0     003f29ad  _CTRL_getIab_in_pu                               
0     003f29a6  _CTRL_getIdq_in_pu                               
0     003f299f  _CTRL_getIdq_ref_pu                              
0     003f29f4  _CTRL_getMagCurrent_pu                           
0     003f29f1  _CTRL_getMaximumSpeed_pu                         
0     003f2998  _CTRL_getVab_in_pu                               
0     003f2991  _CTRL_getVab_out_pu                              
0     003f298a  _CTRL_getVdq_out_pu                              
0     003f1553  _CTRL_getVersion                                 
0     003f2981  _CTRL_getWaitTimes                               
abs   003fd88b  _CTRL_initCtrl                                   
0     0000800a  _CTRL_run                                        
0     003f1487  _CTRL_runTraj                                    
0     003f0d21  _CTRL_setEstParams                               
0     003f26fd  _CTRL_setGains                                   
0     003f29ee  _CTRL_setMagCurrent_pu                           
0     003f29eb  _CTRL_setMaximumSpeed_pu                         
0     003f2725  _CTRL_setParams                                  
0     003f26ea  _CTRL_setSpd_ref_krpm                            
0     003f26e7  _CTRL_setSpd_ref_pu                              
0     003f0bee  _CTRL_setUserMotorParams                         
0     003f26de  _CTRL_setWaitTimes                               
0     00008000  _CTRL_setup                                      
0     003f26c2  _CTRL_setupClarke_I                              
0     003f26ac  _CTRL_setupClarke_V                              
0     003f0a06  _CTRL_setupCtrl                                  
0     003f0868  _CTRL_setupEstIdleState                          
0     003f082d  _CTRL_setupEstOnLineState                        
0     003f06c9  _CTRL_setupTraj                                  
0     003f2652  _CTRL_setup_user                                 
0     003f259f  _CTRL_updateState                                
0     003f257c  _DRV8305_enable                                  
0     003f2576  _DRV8305_getCSBlank                              
0     003f2570  _DRV8305_getCSGain1                              
0     003f256a  _DRV8305_getCSGain2                              
0     003f2564  _DRV8305_getCSGain3                              
0     003f255d  _DRV8305_getCommOption                           
0     003f2546  _DRV8305_getDcCalMode                            
0     003f2540  _DRV8305_getDeadTime                             
0     003f253a  _DRV8305_getPeakSinkCurHS                        
0     003f2534  _DRV8305_getPeakSinkCurLS                        
0     003f252d  _DRV8305_getPeakSinkTime                         
0     003f2527  _DRV8305_getPeakSourCurHS                        
0     003f2521  _DRV8305_getPeakSourCurLS                        
0     003f251a  _DRV8305_getPeakSourTime                         
0     003f2513  _DRV8305_getPwmMode                              
0     003f250d  _DRV8305_getSleepDelay                           
0     003f2507  _DRV8305_getVDSBlanking                          
0     003f2501  _DRV8305_getVDSDeglitch                          
0     003f24fb  _DRV8305_getVDSLevel                             
0     003f24f5  _DRV8305_getVDSMode                              
0     003f24ee  _DRV8305_getVrefScaling                          
0     003f24e8  _DRV8305_getVregUvLevel                          
0     003f24e2  _DRV8305_getWatchDelay                           
0     003f24d9  _DRV8305_init                                    
0     003f24d2  _DRV8305_isFault                                 
0     003f22f7  _DRV8305_readData                                
0     003f1f24  _DRV8305_readSpi                                 
0     003f22e8  _DRV8305_reset                                   
0     003f22d4  _DRV8305_setCSBlank                              
0     003f22c0  _DRV8305_setCSGain1                              
0     003f22ac  _DRV8305_setCSGain2                              
0     003f2298  _DRV8305_setCSGain3                              
0     003f2284  _DRV8305_setCommOption                           
0     003f2260  _DRV8305_setDcCalMode                            
0     003f224c  _DRV8305_setDeadTime                             
0     003f224a  _DRV8305_setGpioHandle                           
0     003f2248  _DRV8305_setGpioNumber                           
0     003f2234  _DRV8305_setPeakSinkCurHS                        
0     003f2220  _DRV8305_setPeakSinkCurLS                        
0     003f220c  _DRV8305_setPeakSinkTime                         
0     003f21f8  _DRV8305_setPeakSourCurHS                        
0     003f21e4  _DRV8305_setPeakSourTime                         
0     003f21d0  _DRV8305_setPwmMode                              
0     003f21bc  _DRV8305_setSleepDelay                           
0     003f21ba  _DRV8305_setSpiHandle                            
0     003f21a6  _DRV8305_setVDSBlanking                          
0     003f2192  _DRV8305_setVDSDeglitch                          
0     003f217e  _DRV8305_setVDSLevel                             
0     003f216a  _DRV8305_setVDSMode                              
0     003f2156  _DRV8305_setVrefScaling                          
0     003f2142  _DRV8305_setVregUvLevel                          
0     003f212e  _DRV8305_setWatchDelay                           
0     003f1f56  _DRV8305_setupSpi                                
0     003f1e40  _DRV8305_writeData                               
0     003f1e24  _DRV8305_writeSpi                                
abs   003fd9e5  _EST_Angle_setParams                             
abs   003fd922  _EST_Dir_setParams                               
abs   003fd1e8  _EST_EPL_setParams                               
abs   003fd9b0  _EST_Flux_ab_setParams                           
abs   003fd514  _EST_Flux_computeOneOverFlux_qFmt                
abs   003fda3b  _EST_Flux_dq_setParams                           
abs   003fd49c  _EST_Flux_getRatedFlux_pu                        
abs   003fd42e  _EST_Flux_setParams                              
abs   003fd41e  _EST_Flux_setWaitTimes                           
abs   003fd95c  _EST_Freq_setParams                              
abs   003fd1be  _EST_I_setParams                                 
abs   003fd9cc  _EST_Iab_setParams                               
abs   003fda1e  _EST_Idq_setParams                               
abs   003fd3a8  _EST_Ls_getLs_d                                  
abs   003fd2b6  _EST_Ls_setLs_d                                  
abs   003fd284  _EST_Ls_setLs_q                                  
abs   003fd247  _EST_Ls_setParams                                
abs   003fd237  _EST_Ls_setWaitTimes                             
abs   003fda0d  _EST_OneOverDcBus_setParams                      
abs   003fd7e9  _EST_Rr_setParams                                
abs   003fd788  _EST_Rr_setRr                                    
abs   003fd57d  _EST_RsOnLine_setFilterParams                    
abs   003fd54d  _EST_RsOnLine_setParams                          
abs   003fd767  _EST_Rs_getRs                                    
abs   003fd725  _EST_Rs_setParams                                
abs   003fd6c3  _EST_Rs_setRs                                    
abs   003fd6b3  _EST_Rs_setWaitTimes                             
abs   003fd1af  _EST_TRAJ_setParams                              
abs   003fda53  _EST_Vab_setParams                               
abs   003fda47  _EST_Vback_ab_setParams                          
abs   003fda5e  _EST_Vback_dq_setParams                          
abs   003fd9fb  _EST_Vdq_setParams                               
abs   003fc092  _EST_computeDirection_qFmt                       
abs   003fd16d  _EST_computeL                                    
abs   003fd14d  _EST_computeR                                    
abs   003fd145  _EST_doCurrentCtrl                               
abs   003fd13d  _EST_doSpeedCtrl                                 
abs   003fc5f2  _EST_getAngle_pu                                 
abs   003fd0a3  _EST_getFlux_VpHz                                
abs   003fd090  _EST_getFlux_pu                                  
abs   003fd073  _EST_getFm_pu                                    
abs   003fc062  _EST_getFullScaleCurrent                         
abs   003fd043  _EST_getFullScaleFlux                            
abs   003fcc5c  _EST_getFullScaleFreq                            
abs   003fc4d1  _EST_getFullScaleInductance                      
abs   003fc08e  _EST_getFullScaleVoltage                         
abs   003fd017  _EST_getIdRated                                  
abs   003fcfe4  _EST_getLs_coarse_max_pu                         
abs   003fcfda  _EST_getLs_d_H                                   
abs   003fcfd5  _EST_getLs_d_pu                                  
abs   003fcfb3  _EST_getLs_q_H                                   
abs   003fcfae  _EST_getLs_q_pu                                  
abs   003fcfa2  _EST_getMaxCurrentSlope_pu                       
abs   003fcf98  _EST_getOneOverDcBus_pu                          
abs   003fcf92  _EST_getRr_Ohm                                   
abs   003fcef8  _EST_getRs_Ohm                                   
abs   003fceab  _EST_getSpeed_krpm                               
abs   003fc000  _EST_getState                                    
abs   003fce3d  _EST_get_krpm_to_pu_sf                           
abs   003fce38  _EST_get_pu_to_krpm_sf                           
abs   003fcd72  _EST_isError                                     
abs   003fcd6b  _EST_isIdle                                      
abs   003fcd64  _EST_isLockRotor                                 
abs   003fc05e  _EST_isMotorIdentified                           
abs   003fcd5d  _EST_isOnLine                                    
abs   003fc5ed  _EST_resetCounter_ctrl                           
abs   003fc05a  _EST_resetCounter_state                          
abs   003fcc60  _EST_run                                         
abs   003fc5c5  _EST_setFlag_enableFluxControl                   
abs   003fc5c0  _EST_setFlag_enableForceAngle                    
abs   003fc5bc  _EST_setFlag_enableRsOnLine                      
abs   003fc5b8  _EST_setFlag_enableRsRecalc                      
abs   003fc5b4  _EST_setFlag_estComplete                         
abs   003fc5b0  _EST_setFlag_updateRs                            
abs   003fc594  _EST_setFullScaleCurrent                         
abs   003fc58b  _EST_setFullScaleFreq                            
abs   003fc573  _EST_setFullScaleResistance                      
abs   003fc56f  _EST_setFullScaleVoltage                         
abs   003fc569  _EST_setIdRated_pu                               
abs   003fc565  _EST_setId_ref_pu                                
abs   003fc55f  _EST_setIdle                                     
abs   003fc54c  _EST_setIdle_all                                 
abs   003fc548  _EST_setIq_ref_pu                                
abs   003fc52a  _EST_setLs_d_pu                                  
abs   003fc4d6  _EST_setLs_qFmt                                  
abs   003fc4cc  _EST_setLs_q_pu                                  
abs   003fc4c0  _EST_setMaxCurrentSlope_pu                       
abs   003fc4bb  _EST_setMotorParams                              
abs   003fc3fd  _EST_setRs_pu                                    
abs   003fc3e2  _EST_setWaitTimes                                
abs   003fc3da  _EST_updateId_ref_pu                             
abs   003fc0f8  _EST_updateState                                 
abs   003fc002  _EST_useZeroIq_ref                               
0     003f3c8d  _FEM_init                                        
0     003f3c5b  _FEM_setParams                                   
0     003f3dac  _FILTER_FO_getDenCoeffs                          
0     003f3da5  _FILTER_FO_getInitialConditions                  
0     003f3d9f  _FILTER_FO_getNumCoeffs                          
0     003f3d99  _FILTER_FO_init                                  
0     003f3d97  _FILTER_FO_setDenCoeffs                          
0     003f3d92  _FILTER_FO_setInitialConditions                  
0     003f3d8e  _FILTER_FO_setNumCoeffs                          
0     003f3dea  _FLASH_clear3VStatus                             
0     000086a1  _FLASH_disablePipelineMode                       
0     0000869b  _FLASH_enablePipelineMode                        
0     003f3de7  _FLASH_get3VStatus                               
0     003f3de4  _FLASH_getActiveWaitCount                        
0     003f3de0  _FLASH_getActiveWaitStatus                       
0     003f3ddd  _FLASH_getPowerMode                              
0     003f3dda  _FLASH_getStandbyWaitCount                       
0     003f3dd6  _FLASH_getStandbyWaitStatus                      
0     003f3dd0  _FLASH_init                                      
0     00008696  _FLASH_setActiveWaitCount                        
0     0000868f  _FLASH_setNumPagedReadWaitStates                 
0     00008688  _FLASH_setNumRandomReadWaitStates                
0     00008681  _FLASH_setOtpWaitStates                          
0     0000867a  _FLASH_setPowerMode                              
0     00008675  _FLASH_setStandbyWaitCount                       
1     00000002  _Flag_Latch_softwareUpdate                       
0     003f3791  _GPIO_getData                                    
0     003f3786  _GPIO_getPortData                                
0     003f3780  _GPIO_init                                       
0     003f3776  _GPIO_lpmSelect                                  
0     003f3763  _GPIO_read                                       
0     003f3749  _GPIO_setDirection                               
0     003f373e  _GPIO_setExtInt                                  
0     003f372e  _GPIO_setHigh                                    
0     003f371e  _GPIO_setLow                                     
0     003f36ef  _GPIO_setMode                                    
0     003f36e1  _GPIO_setPortData                                
0     003f36c7  _GPIO_setPullUp                                  
0     003f3691  _GPIO_setQualification                           
0     003f3666  _GPIO_setQualificationPeriod                     
0     003f3656  _GPIO_toggle                                     
0     003f1925  _HAL_AdcCalChanSelect                            
0     003f197c  _HAL_AdcCalConversion                            
0     003f1ad4  _HAL_AdcOffsetSelfCal                            
0     003f1b96  _HAL_OscTempComp                                 
0     003f1beb  _HAL_cal                                         
0     003f1e20  _HAL_disableGlobalInts                           
0     003f1d39  _HAL_disableWdog                                 
0     003f1e0e  _HAL_enableAdcInts                               
0     003f1e0a  _HAL_enableDebugInt                              
0     003f1e05  _HAL_enableDrv                                   
0     003f1e01  _HAL_enableGlobalInts                            
0     003f1df0  _HAL_enablePwmInt                                
0     003f1b03  _HAL_getOscTrimValue                             
0     003f1d3e  _HAL_init                                        
0     003f1b16  _HAL_osc1Comp                                    
0     003f1b56  _HAL_osc2Comp                                    
0     003f1d34  _HAL_readDrvData                                 
0     003f1d1a  _HAL_setDacParameters                            
0     003f1c02  _HAL_setParams                                   
0     003f1873  _HAL_setupAdcs                                   
0     003f1857  _HAL_setupClks                                   
0     003f1852  _HAL_setupDrvSpi                                 
0     003f1838  _HAL_setupFaults                                 
0     000086a7  _HAL_setupFlash                                  
0     003f1823  _HAL_setupGate                                   
0     003f177f  _HAL_setupGpios                                  
0     003f1759  _HAL_setupLaunchPadGpio0and1                     
0     003f1724  _HAL_setupPeripheralClks                         
0     003f1708  _HAL_setupPie                                    
0     003f16c9  _HAL_setupPll                                    
0     003f15f1  _HAL_setupPwms                                   
0     003f15bb  _HAL_setupSpiA                                   
0     003f1562  _HAL_setupTimers                                 
0     003f155d  _HAL_writeDrvData                                
0     003f3bc2  _OFFSET_getBeta                                  
0     003f3bb1  _OFFSET_init                                     
0     003f3b9b  _OFFSET_setBeta                                  
0     003f3b8c  _OFFSET_setInitCond                              
0     003f3b8a  _OFFSET_setOffset                                
0     003f3cec  _OSC_init                                        
0     003f3cdf  _OSC_setCoarseTrim                               
0     003f3cce  _OSC_setFineTrim                                 
0     003f3cc5  _OSC_setTrim                                     
0     003f39c2  _PIE_clearAllFlags                               
0     003f39bf  _PIE_clearAllInts                                
0     003f39bc  _PIE_disable                                     
0     003f39b5  _PIE_disableAllInts                              
0     003f39b1  _PIE_disableCaptureInt                           
0     003f39a8  _PIE_disableExtInt                               
0     003f399e  _PIE_disableInt                                  
0     003f399b  _PIE_enable                                      
0     003f397f  _PIE_enableAdcInt                                
0     003f397b  _PIE_enableCaptureInt                            
0     003f395f  _PIE_enableExtInt                                
0     003f3956  _PIE_enableInt                                   
0     003f3951  _PIE_enablePwmInt                                
0     003f394c  _PIE_enablePwmTzInt                              
0     003f3949  _PIE_enableTimer0Int                             
0     003f3940  _PIE_forceInt                                    
0     003f3938  _PIE_getExtIntCount                              
0     003f3931  _PIE_getIntEnables                               
0     003f392a  _PIE_getIntFlags                                 
0     003f3e7f  _PIE_illegalIsr                                  
0     003f3922  _PIE_init                                        
0     003f3911  _PIE_registerPieIntHandler                       
0     003f3906  _PIE_registerSystemIntHandler                    
0     003f38fb  _PIE_setDefaultIntVectorTable                    
0     003f38ea  _PIE_setExtIntPolarity                           
0     003f38d7  _PIE_unregisterPieIntHandler                     
0     003f38ca  _PIE_unregisterSystemIntHandler                  
0     003f3b30  _PLL_disable                                     
0     003f3b2a  _PLL_disableClkDetect                            
0     003f3b24  _PLL_disableNormRdy                              
0     003f3b1e  _PLL_disableOsc                                  
0     003f3b18  _PLL_enable                                      
0     003f3b12  _PLL_enableClkDetect                             
0     003f3b0c  _PLL_enableNormRdy                               
0     003f3b06  _PLL_enableOsc                                   
0     003f3b02  _PLL_getClkFreq                                  
0     003f3aff  _PLL_getClkStatus                                
0     003f3afc  _PLL_getDivideSelect                             
0     003f3af9  _PLL_getLockStatus                               
0     003f3af3  _PLL_init                                        
0     003f3aed  _PLL_resetClkDetect                              
0     003f3ae7  _PLL_setClkFreq                                  
0     003f3ae0  _PLL_setDivideSelect                             
0     003f3adb  _PLL_setLockPeriod                               
0     003f3466  _PWM_clearTripZone                               
0     003f3463  _PWM_decrementDeadBandFallingEdgeDelay           
0     003f3460  _PWM_decrementDeadBandRisingEdgeDelay            
0     003f3459  _PWM_disableAutoConvert                          
0     003f3455  _PWM_disableChopping                             
0     003f3452  _PWM_disableCounterLoad                          
0     003f344f  _PWM_disableDeadBand                             
0     003f344b  _PWM_disableDeadBandHalfCycle                    
0     003f3444  _PWM_disableDigitalCompareBlankingWindow         
0     003f343d  _PWM_disableDigitalCompareBlankingWindowInversion
0     003f3436  _PWM_disableHrPeriod                             
0     003f342f  _PWM_disableHrPhaseSync                          
0     003f342b  _PWM_disableInt                                  
0     003f3427  _PWM_disableSocAPulse                            
0     003f3423  _PWM_disableSocBPulse                            
0     003f341c  _PWM_disableTripZoneInt                          
0     003f3415  _PWM_disableTripZoneSrc                          
0     003f340f  _PWM_disableTripZones                            
0     003f3408  _PWM_enableAutoConvert                           
0     003f3404  _PWM_enableChopping                              
0     003f3401  _PWM_enableCounterLoad                           
0     003f33fd  _PWM_enableDeadBandHalfCycle                     
0     003f33f6  _PWM_enableDigitalCompareBlankingWindow          
0     003f33ef  _PWM_enableDigitalCompareBlankingWindowInversion 
0     003f33e8  _PWM_enableHrPeriod                              
0     003f33e1  _PWM_enableHrPhaseSync                           
0     003f33dd  _PWM_enableInt                                   
0     003f33d9  _PWM_enableSocAPulse                             
0     003f33d5  _PWM_enableSocBPulse                             
0     003f33cf  _PWM_enableTripZoneInt                           
0     003f33c9  _PWM_enableTripZoneSrc                           
0     003f33c6  _PWM_getDeadBandFallingEdgeDelay                 
0     003f33c3  _PWM_getDeadBandRisingEdgeDelay                  
0     003f33bf  _PWM_getIntCount                                 
0     003f33bb  _PWM_getShadowStatus_CmpA                        
0     003f33b7  _PWM_getShadowStatus_CmpB                        
0     003f33b2  _PWM_getSocACount                                
0     003f33ad  _PWM_getSocBCount                                
0     003f33aa  _PWM_incrementDeadBandFallingEdgeDelay           
0     003f33a7  _PWM_incrementDeadBandRisingEdgeDelay            
0     003f33a1  _PWM_init                                        
0     003f339a  _PWM_setActionQualContSWForce_PwmA               
0     003f3391  _PWM_setActionQualContSWForce_PwmB               
0     003f3388  _PWM_setActionQual_CntDown_CmpA_PwmA             
0     003f337f  _PWM_setActionQual_CntDown_CmpA_PwmB             
0     003f3376  _PWM_setActionQual_CntDown_CmpB_PwmA             
0     003f336d  _PWM_setActionQual_CntDown_CmpB_PwmB             
0     003f3364  _PWM_setActionQual_CntUp_CmpA_PwmA               
0     003f335b  _PWM_setActionQual_CntUp_CmpA_PwmB               
0     003f3352  _PWM_setActionQual_CntUp_CmpB_PwmA               
0     003f3349  _PWM_setActionQual_CntUp_CmpB_PwmB               
0     003f3340  _PWM_setActionQual_Period_PwmA                   
0     003f3337  _PWM_setActionQual_Period_PwmB                   
0     003f3330  _PWM_setActionQual_Zero_PwmA                     
0     003f3329  _PWM_setActionQual_Zero_PwmB                     
0     003f3322  _PWM_setChoppingClkFreq                          
0     003f331b  _PWM_setChoppingDutyCycle                        
0     003f3314  _PWM_setChoppingPulseWidth                       
0     003f3310  _PWM_setClkDiv                                   
0     003f330e  _PWM_setCount                                    
0     003f330a  _PWM_setCounterMode                              
0     003f3307  _PWM_setDeadBandFallingEdgeDelay                 
0     003f3300  _PWM_setDeadBandInputMode                        
0     003f32f9  _PWM_setDeadBandOutputMode                       
0     003f32f2  _PWM_setDeadBandPolarity                         
0     003f32ef  _PWM_setDeadBandRisingEdgeDelay                  
0     003f32d5  _PWM_setDigitalCompareAEvent1                    
0     003f32c5  _PWM_setDigitalCompareAEvent2                    
0     003f32ab  _PWM_setDigitalCompareBEvent1                    
0     003f329b  _PWM_setDigitalCompareBEvent2                    
0     003f328f  _PWM_setDigitalCompareBlankingPulse              
0     003f328c  _PWM_setDigitalCompareFilterOffset               
0     003f3282  _PWM_setDigitalCompareFilterSource               
0     003f327f  _PWM_setDigitalCompareFilterWindow               
0     003f3270  _PWM_setDigitalCompareInput                      
0     003f326c  _PWM_setHighSpeedClkDiv                          
0     003f3262  _PWM_setHrControlMode                            
0     003f3258  _PWM_setHrEdgeMode                               
0     003f324e  _PWM_setHrShadowMode                             
0     003f3247  _PWM_setIntMode                                  
0     003f3240  _PWM_setIntPeriod                                
0     003f323c  _PWM_setLoadMode_CmpA                            
0     003f3236  _PWM_setLoadMode_CmpB                            
0     003f3234  _PWM_setPeriod                                   
0     003f322f  _PWM_setPeriodHr                                 
0     003f322b  _PWM_setPeriodLoad                               
0     003f3229  _PWM_setPhase                                    
0     003f3225  _PWM_setPhaseDir                                 
0     003f3221  _PWM_setRunMode                                  
0     003f321b  _PWM_setShadowMode_CmpA                          
0     003f3215  _PWM_setShadowMode_CmpB                          
0     003f320c  _PWM_setSocAPeriod                               
0     003f3202  _PWM_setSocAPulseSrc                             
0     003f31f9  _PWM_setSocBPeriod                               
0     003f31f0  _PWM_setSocBPulseSrc                             
0     003f31ed  _PWM_setSwSync                                   
0     003f31e9  _PWM_setSyncMode                                 
0     003f31df  _PWM_setTripZoneDCEventSelect_DCAEVT1            
0     003f31d3  _PWM_setTripZoneDCEventSelect_DCAEVT2            
0     003f31c7  _PWM_setTripZoneDCEventSelect_DCBEVT1            
0     003f31bb  _PWM_setTripZoneDCEventSelect_DCBEVT2            
0     003f31af  _PWM_setTripZoneState_DCAEVT1                    
0     003f31a3  _PWM_setTripZoneState_DCAEVT2                    
0     003f3197  _PWM_setTripZoneState_DCBEVT1                    
0     003f318b  _PWM_setTripZoneState_DCBEVT2                    
0     003f3181  _PWM_setTripZoneState_TZA                        
0     003f3175  _PWM_setTripZoneState_TZB                        
0     003f3c58  _PWR_disableBrownOutReset                        
0     003f3c4e  _PWR_disableWatchDogInt                          
0     003f3c4b  _PWR_enableBrownOutReset                         
0     003f3c41  _PWR_enableWatchDogInt                           
0     003f3c39  _PWR_init                                        
0     003f3c28  _PWR_setLowPowerMode                             
0     003f3c17  _PWR_setNumStandByClocks                         
0     003f06c9  _RamfuncsLoadEnd                                 
0     003f0000  _RamfuncsLoadStart                               
0     00008000  _RamfuncsRunStart                                
0     003f3a6e  _SPI_clearRxFifoInt                              
0     003f3a6a  _SPI_clearRxFifoOvf                              
0     003f3a66  _SPI_clearTxFifoInt                              
0     003f3a63  _SPI_disableInt                                  
0     003f3a60  _SPI_disableLoopBack                             
0     003f3a5d  _SPI_disableOverRunInt                           
0     003f3a59  _SPI_disableRxFifoInt                            
0     003f3a56  _SPI_disableTx                                   
0     003f3a52  _SPI_disableTxFifoEnh                            
0     003f3a4e  _SPI_disableTxFifoInt                            
0     003f3a4b  _SPI_enable                                      
0     003f3a47  _SPI_enableChannels                              
0     003f3a44  _SPI_enableInt                                   
0     003f3a41  _SPI_enableLoopBack                              
0     003f3a3e  _SPI_enableOverRunInt                            
0     003f3a3a  _SPI_enableRxFifo                                
0     003f3a36  _SPI_enableRxFifoInt                             
0     003f3a33  _SPI_enableTx                                    
0     003f3a2f  _SPI_enableTxFifo                                
0     003f3a2b  _SPI_enableTxFifoEnh                             
0     003f3a27  _SPI_enableTxFifoInt                             
0     003f3a24  _SPI_getIntFlagStatus                            
0     003f3a20  _SPI_getRxFifoStatus                             
0     003f3a1d  _SPI_getTxBufferStatus                           
0     003f3a19  _SPI_getTxFifoStatus                             
0     003f3a13  _SPI_init                                        
0     003f3a10  _SPI_reset                                       
0     003f3a0c  _SPI_resetChannels                               
0     003f3a08  _SPI_resetRxFifo                                 
0     003f3a04  _SPI_resetTxFifo                                 
0     003f3a02  _SPI_setBaudRate                                 
0     003f39fe  _SPI_setCharLength                               
0     003f39fc  _SPI_setClkPhase                                 
0     003f39f8  _SPI_setClkPolarity                              
0     003f39f6  _SPI_setMode                                     
0     003f39ef  _SPI_setPriority                                 
0     003f39e8  _SPI_setRxFifoIntLevel                           
0     003f39e1  _SPI_setSteInv                                   
0     003f39da  _SPI_setSuspend                                  
0     003f39d3  _SPI_setTriWire                                  
0     003f39d0  _SPI_setTxDelay                                  
0     003f39c9  _SPI_setTxFifoIntLevel                           
0     003f3cc2  _TIMER_clearFlag                                 
0     003f3cbf  _TIMER_disableInt                                
0     003f3cbc  _TIMER_enableInt                                 
0     003f3cb9  _TIMER_getStatus                                 
0     003f3cb3  _TIMER_init                                      
0     003f3ca5  _TIMER_setDecimationFactor                       
0     003f3ca1  _TIMER_setEmulationMode                          
0     003f3c93  _TIMER_setPreScaler                              
0     003f2d64  _USER_calcPIgains                                
0     003f2d60  _USER_checkForErrors                             
0     003f2d52  _USER_computeFlux                                
0     003f2d16  _USER_computeFlux_pu_to_VpHz_sf                  
0     003f2cda  _USER_computeFlux_pu_to_Wb_sf                    
0     003f2c9e  _USER_computeTorque_Flux_Iq_pu_to_Nm_sf          
0     003f2c64  _USER_computeTorque_Ls_Id_Iq_pu_to_Nm_sf         
0     003f2c17  _USER_computeTorque_Nm                           
0     003f2bbf  _USER_computeTorque_lbin                         
0     003f2bbc  _USER_getErrorCode                               
0     003f2bb9  _USER_setErrorCode                               
0     003f2a7a  _USER_setParams                                  
0     003f29f7  _USER_softwareUpdate1p6                          
0     003f3c0f  _WDOG_clearCounter                               
0     003f3c07  _WDOG_disable                                    
0     003f3c01  _WDOG_disableInt                                 
0     003f3bfb  _WDOG_disableOverRide                            
0     003f3bf2  _WDOG_enable                                     
0     003f3bec  _WDOG_enableInt                                  
0     003f3be6  _WDOG_enableOverRide                             
0     003f3be3  _WDOG_getIntStatus                               
0     003f3bdd  _WDOG_init                                       
0     003f3bdb  _WDOG_setCount                                   
0     003f3bd1  _WDOG_setPreScaler                               
abs   003ff854  __IQ24cosPU                                      
abs   003fff8f  __IQ24rmpy                                       
abs   003ff82b  __IQ24sinPU                                      
abs   003ff2aa  __IQ24sqrt                                       
abs   003ff87b  __IQ29rsmpy                                      
abs   003fff52  __IQ30rsmpy                                      
abs   003fff7b  __IQ30toF                                        
1     00008b00  __STACK_END                                      
abs   00000180  __STACK_SIZE                                     
1     0000034a  ___TI_cleanup_ptr                                
1     0000034c  ___TI_dtors_ptr                                  
1     00000348  ___TI_enable_exit_profile_output                 
abs   ffffffff  ___TI_pprof_out_hndl                             
abs   ffffffff  ___TI_prof_data_size                             
abs   ffffffff  ___TI_prof_data_start                            
abs   ffffffff  ___binit__                                       
abs   ffffffff  ___c_args__                                      
0     003f3e87  ___cinit__                                       
0     003f3e87  ___etext__                                       
abs   ffffffff  ___pinit__                                       
0     003f06c9  ___text__                                        
0     003f3e46  __args_main                                      
1     0000034e  __lock                                           
0     003f3e76  __nop                                            
0     003f3e72  __register_lock                                  
0     003f3e6e  __register_unlock                                
1     00008980  __stack                                          
0     003f3e86  __system_post_cinit                              
0     003f3e84  __system_pre_init                                
1     00000350  __unlock                                         
0     003f3d1c  _abort                                           
0     003f3b36  _c_int00                                         
0     003f3a72  _ceil                                            
0     003f3a72  _ceilf                                           
0     003f3d6a  _copy_in                                         
1     00000354  _cpu                                             
1     00000052  _cpu_usage                                       
1     0000001e  _cpu_usageHandle                                 
1     00000240  _ctrl                                            
1     00000014  _ctrlHandle                                      
0     003f3d1e  _exit                                            
1     00000040  _fem                                             
1     0000000e  _femHandle                                       
1     00000026  _gAdcData                                        
1     00000001  _gCounter_updateGlobals                          
1     0000001c  _gCpuUsagePercentageAvg                          
1     0000001a  _gCpuUsagePercentageMax                          
1     00000018  _gCpuUsagePercentageMin                          
1     00000080  _gDrvSpi8305Vars                                 
1     00000004  _gFlux_pu_to_VpHz_sf                             
1     00000006  _gFlux_pu_to_Wb_sf                               
1     00000000  _gLEDcnt                                         
1     0000000c  _gMaxCurrentSlope                                
1     00000010  _gMaxDeltaCntObserved                            
1     00000100  _gMotorVars                                      
1     00000016  _gNumFreqErrors                                  
1     00000020  _gPwmData                                        
1     0000000a  _gTorque_Flux_Iq_pu_to_Nm_sf                     
1     00000008  _gTorque_Ls_Id_Iq_pu_to_Nm_sf                    
1     00000180  _gUserParams                                     
1     00000380  _hal                                             
1     00000012  _halHandle                                       
abs   003fda88  _log                                             
0     003f2ef5  _main                                            
0     0000852b  _mainISR                                         
0     003f3e5f  _memCopy                                         
0     003f3e0d  _memcpy                                          
abs   003fdd64  _pow                                             
0     003f2e98  _updateCPUusage                                  
0     003f2e25  _updateGlobalVariables_motor                     
0     000086c5  _usDelay                                         
abs   ffffffff  binit                                            
0     003f3e87  cinit                                            
0     003f7ff6  code_start                                       
0     003f3e87  etext                                            
abs   ffffffff  pinit                                            


GLOBAL SYMBOLS: SORTED BY Symbol Address 

page  address   name                                             
----  -------   ----                                             
0     00008000  _CTRL_setup                                      
0     00008000  _RamfuncsRunStart                                
0     0000800a  _CTRL_run                                        
0     0000852b  _mainISR                                         
0     00008675  _FLASH_setStandbyWaitCount                       
0     0000867a  _FLASH_setPowerMode                              
0     00008681  _FLASH_setOtpWaitStates                          
0     00008688  _FLASH_setNumRandomReadWaitStates                
0     0000868f  _FLASH_setNumPagedReadWaitStates                 
0     00008696  _FLASH_setActiveWaitCount                        
0     0000869b  _FLASH_enablePipelineMode                        
0     000086a1  _FLASH_disablePipelineMode                       
0     000086a7  _HAL_setupFlash                                  
0     000086c5  _usDelay                                         
0     003f0000  _RamfuncsLoadStart                               
0     003f06c9  .text                                            
0     003f06c9  _CTRL_setupTraj                                  
0     003f06c9  _RamfuncsLoadEnd                                 
0     003f06c9  ___text__                                        
0     003f082d  _CTRL_setupEstOnLineState                        
0     003f0868  _CTRL_setupEstIdleState                          
0     003f0a06  _CTRL_setupCtrl                                  
0     003f0bee  _CTRL_setUserMotorParams                         
0     003f0d21  _CTRL_setEstParams                               
0     003f1487  _CTRL_runTraj                                    
0     003f1553  _CTRL_getVersion                                 
0     003f155d  _HAL_writeDrvData                                
0     003f1562  _HAL_setupTimers                                 
0     003f15bb  _HAL_setupSpiA                                   
0     003f15f1  _HAL_setupPwms                                   
0     003f16c9  _HAL_setupPll                                    
0     003f1708  _HAL_setupPie                                    
0     003f1724  _HAL_setupPeripheralClks                         
0     003f1759  _HAL_setupLaunchPadGpio0and1                     
0     003f177f  _HAL_setupGpios                                  
0     003f1823  _HAL_setupGate                                   
0     003f1838  _HAL_setupFaults                                 
0     003f1852  _HAL_setupDrvSpi                                 
0     003f1857  _HAL_setupClks                                   
0     003f1873  _HAL_setupAdcs                                   
0     003f1925  _HAL_AdcCalChanSelect                            
0     003f197c  _HAL_AdcCalConversion                            
0     003f1ad4  _HAL_AdcOffsetSelfCal                            
0     003f1b03  _HAL_getOscTrimValue                             
0     003f1b16  _HAL_osc1Comp                                    
0     003f1b56  _HAL_osc2Comp                                    
0     003f1b96  _HAL_OscTempComp                                 
0     003f1beb  _HAL_cal                                         
0     003f1c02  _HAL_setParams                                   
0     003f1d1a  _HAL_setDacParameters                            
0     003f1d34  _HAL_readDrvData                                 
0     003f1d39  _HAL_disableWdog                                 
0     003f1d3e  _HAL_init                                        
0     003f1df0  _HAL_enablePwmInt                                
0     003f1e01  _HAL_enableGlobalInts                            
0     003f1e05  _HAL_enableDrv                                   
0     003f1e0a  _HAL_enableDebugInt                              
0     003f1e0e  _HAL_enableAdcInts                               
0     003f1e20  _HAL_disableGlobalInts                           
0     003f1e24  _DRV8305_writeSpi                                
0     003f1e40  _DRV8305_writeData                               
0     003f1f24  _DRV8305_readSpi                                 
0     003f1f56  _DRV8305_setupSpi                                
0     003f212e  _DRV8305_setWatchDelay                           
0     003f2142  _DRV8305_setVregUvLevel                          
0     003f2156  _DRV8305_setVrefScaling                          
0     003f216a  _DRV8305_setVDSMode                              
0     003f217e  _DRV8305_setVDSLevel                             
0     003f2192  _DRV8305_setVDSDeglitch                          
0     003f21a6  _DRV8305_setVDSBlanking                          
0     003f21ba  _DRV8305_setSpiHandle                            
0     003f21bc  _DRV8305_setSleepDelay                           
0     003f21d0  _DRV8305_setPwmMode                              
0     003f21e4  _DRV8305_setPeakSourTime                         
0     003f21f8  _DRV8305_setPeakSourCurHS                        
0     003f220c  _DRV8305_setPeakSinkTime                         
0     003f2220  _DRV8305_setPeakSinkCurLS                        
0     003f2234  _DRV8305_setPeakSinkCurHS                        
0     003f2248  _DRV8305_setGpioNumber                           
0     003f224a  _DRV8305_setGpioHandle                           
0     003f224c  _DRV8305_setDeadTime                             
0     003f2260  _DRV8305_setDcCalMode                            
0     003f2284  _DRV8305_setCommOption                           
0     003f2298  _DRV8305_setCSGain3                              
0     003f22ac  _DRV8305_setCSGain2                              
0     003f22c0  _DRV8305_setCSGain1                              
0     003f22d4  _DRV8305_setCSBlank                              
0     003f22e8  _DRV8305_reset                                   
0     003f22f7  _DRV8305_readData                                
0     003f24d2  _DRV8305_isFault                                 
0     003f24d9  _DRV8305_init                                    
0     003f24e2  _DRV8305_getWatchDelay                           
0     003f24e8  _DRV8305_getVregUvLevel                          
0     003f24ee  _DRV8305_getVrefScaling                          
0     003f24f5  _DRV8305_getVDSMode                              
0     003f24fb  _DRV8305_getVDSLevel                             
0     003f2501  _DRV8305_getVDSDeglitch                          
0     003f2507  _DRV8305_getVDSBlanking                          
0     003f250d  _DRV8305_getSleepDelay                           
0     003f2513  _DRV8305_getPwmMode                              
0     003f251a  _DRV8305_getPeakSourTime                         
0     003f2521  _DRV8305_getPeakSourCurLS                        
0     003f2527  _DRV8305_getPeakSourCurHS                        
0     003f252d  _DRV8305_getPeakSinkTime                         
0     003f2534  _DRV8305_getPeakSinkCurLS                        
0     003f253a  _DRV8305_getPeakSinkCurHS                        
0     003f2540  _DRV8305_getDeadTime                             
0     003f2546  _DRV8305_getDcCalMode                            
0     003f255d  _DRV8305_getCommOption                           
0     003f2564  _DRV8305_getCSGain3                              
0     003f256a  _DRV8305_getCSGain2                              
0     003f2570  _DRV8305_getCSGain1                              
0     003f2576  _DRV8305_getCSBlank                              
0     003f257c  _DRV8305_enable                                  
0     003f259f  _CTRL_updateState                                
0     003f2652  _CTRL_setup_user                                 
0     003f26ac  _CTRL_setupClarke_V                              
0     003f26c2  _CTRL_setupClarke_I                              
0     003f26de  _CTRL_setWaitTimes                               
0     003f26e7  _CTRL_setSpd_ref_pu                              
0     003f26ea  _CTRL_setSpd_ref_krpm                            
0     003f26fd  _CTRL_setGains                                   
0     003f2725  _CTRL_setParams                                  
0     003f2981  _CTRL_getWaitTimes                               
0     003f298a  _CTRL_getVdq_out_pu                              
0     003f2991  _CTRL_getVab_out_pu                              
0     003f2998  _CTRL_getVab_in_pu                               
0     003f299f  _CTRL_getIdq_ref_pu                              
0     003f29a6  _CTRL_getIdq_in_pu                               
0     003f29ad  _CTRL_getIab_in_pu                               
0     003f29b4  _CTRL_getIab_filt_pu                             
0     003f29bb  _CTRL_getGains                                   
0     003f29eb  _CTRL_setMaximumSpeed_pu                         
0     003f29ee  _CTRL_setMagCurrent_pu                           
0     003f29f1  _CTRL_getMaximumSpeed_pu                         
0     003f29f4  _CTRL_getMagCurrent_pu                           
0     003f29f7  _USER_softwareUpdate1p6                          
0     003f2a7a  _USER_setParams                                  
0     003f2bb9  _USER_setErrorCode                               
0     003f2bbc  _USER_getErrorCode                               
0     003f2bbf  _USER_computeTorque_lbin                         
0     003f2c17  _USER_computeTorque_Nm                           
0     003f2c64  _USER_computeTorque_Ls_Id_Iq_pu_to_Nm_sf         
0     003f2c9e  _USER_computeTorque_Flux_Iq_pu_to_Nm_sf          
0     003f2cda  _USER_computeFlux_pu_to_Wb_sf                    
0     003f2d16  _USER_computeFlux_pu_to_VpHz_sf                  
0     003f2d52  _USER_computeFlux                                
0     003f2d60  _USER_checkForErrors                             
0     003f2d64  _USER_calcPIgains                                
0     003f2e25  _updateGlobalVariables_motor                     
0     003f2e98  _updateCPUusage                                  
0     003f2ef5  _main                                            
0     003f3175  _PWM_setTripZoneState_TZB                        
0     003f3181  _PWM_setTripZoneState_TZA                        
0     003f318b  _PWM_setTripZoneState_DCBEVT2                    
0     003f3197  _PWM_setTripZoneState_DCBEVT1                    
0     003f31a3  _PWM_setTripZoneState_DCAEVT2                    
0     003f31af  _PWM_setTripZoneState_DCAEVT1                    
0     003f31bb  _PWM_setTripZoneDCEventSelect_DCBEVT2            
0     003f31c7  _PWM_setTripZoneDCEventSelect_DCBEVT1            
0     003f31d3  _PWM_setTripZoneDCEventSelect_DCAEVT2            
0     003f31df  _PWM_setTripZoneDCEventSelect_DCAEVT1            
0     003f31e9  _PWM_setSyncMode                                 
0     003f31ed  _PWM_setSwSync                                   
0     003f31f0  _PWM_setSocBPulseSrc                             
0     003f31f9  _PWM_setSocBPeriod                               
0     003f3202  _PWM_setSocAPulseSrc                             
0     003f320c  _PWM_setSocAPeriod                               
0     003f3215  _PWM_setShadowMode_CmpB                          
0     003f321b  _PWM_setShadowMode_CmpA                          
0     003f3221  _PWM_setRunMode                                  
0     003f3225  _PWM_setPhaseDir                                 
0     003f3229  _PWM_setPhase                                    
0     003f322b  _PWM_setPeriodLoad                               
0     003f322f  _PWM_setPeriodHr                                 
0     003f3234  _PWM_setPeriod                                   
0     003f3236  _PWM_setLoadMode_CmpB                            
0     003f323c  _PWM_setLoadMode_CmpA                            
0     003f3240  _PWM_setIntPeriod                                
0     003f3247  _PWM_setIntMode                                  
0     003f324e  _PWM_setHrShadowMode                             
0     003f3258  _PWM_setHrEdgeMode                               
0     003f3262  _PWM_setHrControlMode                            
0     003f326c  _PWM_setHighSpeedClkDiv                          
0     003f3270  _PWM_setDigitalCompareInput                      
0     003f327f  _PWM_setDigitalCompareFilterWindow               
0     003f3282  _PWM_setDigitalCompareFilterSource               
0     003f328c  _PWM_setDigitalCompareFilterOffset               
0     003f328f  _PWM_setDigitalCompareBlankingPulse              
0     003f329b  _PWM_setDigitalCompareBEvent2                    
0     003f32ab  _PWM_setDigitalCompareBEvent1                    
0     003f32c5  _PWM_setDigitalCompareAEvent2                    
0     003f32d5  _PWM_setDigitalCompareAEvent1                    
0     003f32ef  _PWM_setDeadBandRisingEdgeDelay                  
0     003f32f2  _PWM_setDeadBandPolarity                         
0     003f32f9  _PWM_setDeadBandOutputMode                       
0     003f3300  _PWM_setDeadBandInputMode                        
0     003f3307  _PWM_setDeadBandFallingEdgeDelay                 
0     003f330a  _PWM_setCounterMode                              
0     003f330e  _PWM_setCount                                    
0     003f3310  _PWM_setClkDiv                                   
0     003f3314  _PWM_setChoppingPulseWidth                       
0     003f331b  _PWM_setChoppingDutyCycle                        
0     003f3322  _PWM_setChoppingClkFreq                          
0     003f3329  _PWM_setActionQual_Zero_PwmB                     
0     003f3330  _PWM_setActionQual_Zero_PwmA                     
0     003f3337  _PWM_setActionQual_Period_PwmB                   
0     003f3340  _PWM_setActionQual_Period_PwmA                   
0     003f3349  _PWM_setActionQual_CntUp_CmpB_PwmB               
0     003f3352  _PWM_setActionQual_CntUp_CmpB_PwmA               
0     003f335b  _PWM_setActionQual_CntUp_CmpA_PwmB               
0     003f3364  _PWM_setActionQual_CntUp_CmpA_PwmA               
0     003f336d  _PWM_setActionQual_CntDown_CmpB_PwmB             
0     003f3376  _PWM_setActionQual_CntDown_CmpB_PwmA             
0     003f337f  _PWM_setActionQual_CntDown_CmpA_PwmB             
0     003f3388  _PWM_setActionQual_CntDown_CmpA_PwmA             
0     003f3391  _PWM_setActionQualContSWForce_PwmB               
0     003f339a  _PWM_setActionQualContSWForce_PwmA               
0     003f33a1  _PWM_init                                        
0     003f33a7  _PWM_incrementDeadBandRisingEdgeDelay            
0     003f33aa  _PWM_incrementDeadBandFallingEdgeDelay           
0     003f33ad  _PWM_getSocBCount                                
0     003f33b2  _PWM_getSocACount                                
0     003f33b7  _PWM_getShadowStatus_CmpB                        
0     003f33bb  _PWM_getShadowStatus_CmpA                        
0     003f33bf  _PWM_getIntCount                                 
0     003f33c3  _PWM_getDeadBandRisingEdgeDelay                  
0     003f33c6  _PWM_getDeadBandFallingEdgeDelay                 
0     003f33c9  _PWM_enableTripZoneSrc                           
0     003f33cf  _PWM_enableTripZoneInt                           
0     003f33d5  _PWM_enableSocBPulse                             
0     003f33d9  _PWM_enableSocAPulse                             
0     003f33dd  _PWM_enableInt                                   
0     003f33e1  _PWM_enableHrPhaseSync                           
0     003f33e8  _PWM_enableHrPeriod                              
0     003f33ef  _PWM_enableDigitalCompareBlankingWindowInversion 
0     003f33f6  _PWM_enableDigitalCompareBlankingWindow          
0     003f33fd  _PWM_enableDeadBandHalfCycle                     
0     003f3401  _PWM_enableCounterLoad                           
0     003f3404  _PWM_enableChopping                              
0     003f3408  _PWM_enableAutoConvert                           
0     003f340f  _PWM_disableTripZones                            
0     003f3415  _PWM_disableTripZoneSrc                          
0     003f341c  _PWM_disableTripZoneInt                          
0     003f3423  _PWM_disableSocBPulse                            
0     003f3427  _PWM_disableSocAPulse                            
0     003f342b  _PWM_disableInt                                  
0     003f342f  _PWM_disableHrPhaseSync                          
0     003f3436  _PWM_disableHrPeriod                             
0     003f343d  _PWM_disableDigitalCompareBlankingWindowInversion
0     003f3444  _PWM_disableDigitalCompareBlankingWindow         
0     003f344b  _PWM_disableDeadBandHalfCycle                    
0     003f344f  _PWM_disableDeadBand                             
0     003f3452  _PWM_disableCounterLoad                          
0     003f3455  _PWM_disableChopping                             
0     003f3459  _PWM_disableAutoConvert                          
0     003f3460  _PWM_decrementDeadBandRisingEdgeDelay            
0     003f3463  _PWM_decrementDeadBandFallingEdgeDelay           
0     003f3466  _PWM_clearTripZone                               
0     003f346c  _ADC_setupSocTrigSrc                             
0     003f3496  _ADC_setVoltRefSrc                               
0     003f34a7  _ADC_setTempSensorSrc                            
0     003f34b8  _ADC_setSocTrigSrc                               
0     003f34cc  _ADC_setSocSampleDelay                           
0     003f34e0  _ADC_setSocFrcWord                               
0     003f34e7  _ADC_setSocFrc                                   
0     003f34f1  _ADC_setSocChanNumber                            
0     003f3505  _ADC_setSampleOverlapMode                        
0     003f3518  _ADC_setSampleMode                               
0     003f352f  _ADC_setOffTrim                                  
0     003f3536  _ADC_setIntSrc                                   
0     003f3557  _ADC_setIntPulseGenMode                          
0     003f3568  _ADC_setIntMode                                  
0     003f3589  _ADC_setDivideSelect                             
0     003f359a  _ADC_reset                                       
0     003f35a4  _ADC_powerUp                                     
0     003f35ae  _ADC_powerDown                                   
0     003f35b8  _ADC_init                                        
0     003f35c0  _ADC_getDivideSelect                             
0     003f35c5  _ADC_enableVoltRefLoConv                         
0     003f35cf  _ADC_enableRefBuffers                            
0     003f35d9  _ADC_enableNoOverlapMode                         
0     003f35e3  _ADC_enableInt                                   
0     003f35f9  _ADC_enableBandGap                               
0     003f3603  _ADC_enable                                      
0     003f360d  _ADC_disableVoltRefLoConv                        
0     003f3617  _ADC_disableRefBuffers                           
0     003f3621  _ADC_disableNoOverlapMode                        
0     003f362b  _ADC_disableInt                                  
0     003f3642  _ADC_disableBandGap                              
0     003f364c  _ADC_disable                                     
0     003f3656  _GPIO_toggle                                     
0     003f3666  _GPIO_setQualificationPeriod                     
0     003f3691  _GPIO_setQualification                           
0     003f36c7  _GPIO_setPullUp                                  
0     003f36e1  _GPIO_setPortData                                
0     003f36ef  _GPIO_setMode                                    
0     003f371e  _GPIO_setLow                                     
0     003f372e  _GPIO_setHigh                                    
0     003f373e  _GPIO_setExtInt                                  
0     003f3749  _GPIO_setDirection                               
0     003f3763  _GPIO_read                                       
0     003f3776  _GPIO_lpmSelect                                  
0     003f3780  _GPIO_init                                       
0     003f3786  _GPIO_getPortData                                
0     003f3791  _GPIO_getData                                    
0     003f379f  _CLK_setXClkInSrc                                
0     003f37a6  _CLK_setWatchDogSrc                              
0     003f37ad  _CLK_setTimer2Src                                
0     003f37b4  _CLK_setTimer2PreScale                           
0     003f37bb  _CLK_setOscSrc                                   
0     003f37c2  _CLK_setOsc2Src                                  
0     003f37c9  _CLK_setLowSpdPreScaler                          
0     003f37cf  _CLK_setClkOutPreScaler                          
0     003f37d6  _CLK_init                                        
0     003f37dc  _CLK_enableWatchDogHaltMode                      
0     003f37e2  _CLK_enableTbClockSync                           
0     003f37e9  _CLK_enableSpiaClock                             
0     003f37f0  _CLK_enableSciaClock                             
0     003f37f7  _CLK_enablePwmClock                              
0     003f3800  _CLK_enableOsc2HaltMode                          
0     003f3806  _CLK_enableOsc2                                  
[...]
0     003f39f8  _SPI_setClkPolarity                              
0     003f39fc  _SPI_setClkPhase                                 
0     003f39fe  _SPI_setCharLength                               
0     003f3a02  _SPI_setBaudRate                                 
0     003f3a04  _SPI_resetTxFifo                                 
0     003f3a08  _SPI_resetRxFifo                                 
0     003f3a0c  _SPI_resetChannels                               
0     003f3a10  _SPI_reset                                       
0     003f3a13  _SPI_init                                        
0     003f3a19  _SPI_getTxFifoStatus                             
0     003f3a1d  _SPI_getTxBufferStatus                           
0     003f3a20  _SPI_getRxFifoStatus                             
0     003f3a24  _SPI_getIntFlagStatus                            
0     003f3a27  _SPI_enableTxFifoInt                             
0     003f3a2b  _SPI_enableTxFifoEnh                             
0     003f3a2f  _SPI_enableTxFifo                                
0     003f3a33  _SPI_enableTx                                    
0     003f3a36  _SPI_enableRxFifoInt                             
0     003f3a3a  _SPI_enableRxFifo                                
0     003f3a3e  _SPI_enableOverRunInt                            
0     003f3a41  _SPI_enableLoopBack                              
0     003f3a44  _SPI_enableInt                                   
0     003f3a47  _SPI_enableChannels                              
0     003f3a4b  _SPI_enable                                      
0     003f3a4e  _SPI_disableTxFifoInt                            
0     003f3a52  _SPI_disableTxFifoEnh                            
0     003f3a56  _SPI_disableTx                                   
0     003f3a59  _SPI_disableRxFifoInt                            
0     003f3a5d  _SPI_disableOverRunInt                           
0     003f3a60  _SPI_disableLoopBack                             
0     003f3a63  _SPI_disableInt                                  
0     003f3a66  _SPI_clearTxFifoInt                              
0     003f3a6a  _SPI_clearRxFifoOvf                              
0     003f3a6e  _SPI_clearRxFifoInt                              
0     003f3a72  _ceil                                            
0     003f3a72  _ceilf                                           
0     003f3adb  _PLL_setLockPeriod                               
0     003f3ae0  _PLL_setDivideSelect                             
0     003f3ae7  _PLL_setClkFreq                                  
0     003f3aed  _PLL_resetClkDetect                              
0     003f3af3  _PLL_init                                        
0     003f3af9  _PLL_getLockStatus                               
0     003f3afc  _PLL_getDivideSelect                             
0     003f3aff  _PLL_getClkStatus                                
0     003f3b02  _PLL_getClkFreq                                  
0     003f3b06  _PLL_enableOsc                                   
0     003f3b0c  _PLL_enableNormRdy                               
0     003f3b12  _PLL_enableClkDetect                             
0     003f3b18  _PLL_enable                                      
0     003f3b1e  _PLL_disableOsc                                  
0     003f3b24  _PLL_disableNormRdy                              
0     003f3b2a  _PLL_disableClkDetect                            
0     003f3b30  _PLL_disable                                     
0     003f3b36  _c_int00                                         
0     003f3b8a  _OFFSET_setOffset                                
0     003f3b8c  _OFFSET_setInitCond                              
0     003f3b9b  _OFFSET_setBeta                                  
0     003f3bb1  _OFFSET_init                                     
0     003f3bc2  _OFFSET_getBeta                                  
0     003f3bd1  _WDOG_setPreScaler                               
0     003f3bdb  _WDOG_setCount                                   
0     003f3bdd  _WDOG_init                                       
0     003f3be3  _WDOG_getIntStatus                               
0     003f3be6  _WDOG_enableOverRide                             
0     003f3bec  _WDOG_enableInt                                  
0     003f3bf2  _WDOG_enable                                     
0     003f3bfb  _WDOG_disableOverRide                            
0     003f3c01  _WDOG_disableInt                                 
0     003f3c07  _WDOG_disable                                    
0     003f3c0f  _WDOG_clearCounter                               
0     003f3c17  _PWR_setNumStandByClocks                         
0     003f3c28  _PWR_setLowPowerMode                             
0     003f3c39  _PWR_init                                        
0     003f3c41  _PWR_enableWatchDogInt                           
0     003f3c4b  _PWR_enableBrownOutReset                         
0     003f3c4e  _PWR_disableWatchDogInt                          
0     003f3c58  _PWR_disableBrownOutReset                        
0     003f3c5b  _FEM_setParams                                   
0     003f3c8d  _FEM_init                                        
0     003f3c93  _TIMER_setPreScaler                              
0     003f3ca1  _TIMER_setEmulationMode                          
0     003f3ca5  _TIMER_setDecimationFactor                       
0     003f3cb3  _TIMER_init                                      
0     003f3cb9  _TIMER_getStatus                                 
0     003f3cbc  _TIMER_enableInt                                 
0     003f3cbf  _TIMER_disableInt                                
0     003f3cc2  _TIMER_clearFlag                                 
0     003f3cc5  _OSC_setTrim                                     
0     003f3cce  _OSC_setFineTrim                                 
0     003f3cdf  _OSC_setCoarseTrim                               
0     003f3cec  _OSC_init                                        
0     003f3cf2  L$$DIV                                           
0     003f3d01  L$$MOD                                           
0     003f3d0f  UL$$DIV                                          
0     003f3d16  UL$$MOD                                          
0     003f3d1c  C$$EXIT                                          
0     003f3d1c  _abort                                           
0     003f3d1e  _exit                                            
0     003f3d45  _CPU_init                                        
0     003f3d49  _CPU_enableProtectedRegisterWrite                
0     003f3d4c  _CPU_enableInt                                   
0     003f3d50  _CPU_enableGlobalInts                            
0     003f3d53  _CPU_enableDebugInt                              
0     003f3d56  _CPU_disableProtectedRegisterWrite               
0     003f3d59  _CPU_disableInts                                 
0     003f3d5c  _CPU_disableInt                                  
0     003f3d61  _CPU_disableGlobalInts                           
0     003f3d64  _CPU_disableDebugInt                             
0     003f3d67  _CPU_clearIntFlags                               
0     003f3d6a  _copy_in                                         
0     003f3d8e  _FILTER_FO_setNumCoeffs                          
0     003f3d92  _FILTER_FO_setInitialConditions                  
0     003f3d97  _FILTER_FO_setDenCoeffs                          
0     003f3d99  _FILTER_FO_init                                  
0     003f3d9f  _FILTER_FO_getNumCoeffs                          
0     003f3da5  _FILTER_FO_getInitialConditions                  
0     003f3dac  _FILTER_FO_getDenCoeffs                          
0     003f3daf  FS$$TOUL                                         
0     003f3dd0  _FLASH_init                                      
0     003f3dd6  _FLASH_getStandbyWaitStatus                      
0     003f3dda  _FLASH_getStandbyWaitCount                       
0     003f3ddd  _FLASH_getPowerMode                              
0     003f3de0  _FLASH_getActiveWaitStatus                       
0     003f3de4  _FLASH_getActiveWaitCount                        
0     003f3de7  _FLASH_get3VStatus                               
0     003f3dea  _FLASH_clear3VStatus                             
0     003f3df0  FS$$TOU                                          
0     003f3e0d  _memcpy                                          
0     003f3e2a  _CPU_USAGE_setParams                             
0     003f3e40  _CPU_USAGE_init                                  
0     003f3e46  __args_main                                      
0     003f3e5f  _memCopy                                         
0     003f3e6e  __register_unlock                                
0     003f3e72  __register_lock                                  
0     003f3e76  __nop                                            
0     003f3e7f  _PIE_illegalIsr                                  
0     003f3e84  __system_pre_init                                
0     003f3e86  __system_post_cinit                              
0     003f3e87  ___cinit__                                       
0     003f3e87  ___etext__                                       
0     003f3e87  cinit                                            
0     003f3e87  etext                                            
0     003f7ff6  code_start                                       
1     00000000  _gLEDcnt                                         
1     00000001  _gCounter_updateGlobals                          
1     00000002  _Flag_Latch_softwareUpdate                       
1     00000004  _gFlux_pu_to_VpHz_sf                             
1     00000006  _gFlux_pu_to_Wb_sf                               
1     00000008  _gTorque_Ls_Id_Iq_pu_to_Nm_sf                    
1     0000000a  _gTorque_Flux_Iq_pu_to_Nm_sf                     
1     0000000c  _gMaxCurrentSlope                                
1     0000000e  _femHandle                                       
1     00000010  _gMaxDeltaCntObserved                            
1     00000012  _halHandle                                       
1     00000014  _ctrlHandle                                      
1     00000016  _gNumFreqErrors                                  
1     00000018  _gCpuUsagePercentageMin                          
1     0000001a  _gCpuUsagePercentageMax                          
1     0000001c  _gCpuUsagePercentageAvg                          
1     0000001e  _cpu_usageHandle                                 
1     00000020  _gPwmData                                        
1     00000026  _gAdcData                                        
1     00000040  _fem                                             
1     00000052  _cpu_usage                                       
1     00000080  _gDrvSpi8305Vars                                 
1     00000100  _gMotorVars                                      
1     00000180  _gUserParams                                     
1     00000240  _ctrl                                            
1     00000348  ___TI_enable_exit_profile_output                 
1     0000034a  ___TI_cleanup_ptr                                
1     0000034c  ___TI_dtors_ptr                                  
1     0000034e  __lock                                           
1     00000350  __unlock                                         
1     00000354  _cpu                                             
1     00000380  _hal                                             
1     00008980  __stack                                          
1     00008b00  __STACK_END                                      
abs   00000180  __STACK_SIZE                                     
abs   003fc000  _EST_getState                                    
abs   003fc002  _EST_useZeroIq_ref                               
abs   003fc05a  _EST_resetCounter_state                          
abs   003fc05e  _EST_isMotorIdentified                           
abs   003fc062  _EST_getFullScaleCurrent                         
abs   003fc08e  _EST_getFullScaleVoltage                         
abs   003fc092  _EST_computeDirection_qFmt                       
abs   003fc0f8  _EST_updateState                                 
abs   003fc3da  _EST_updateId_ref_pu                             
abs   003fc3e2  _EST_setWaitTimes                                
abs   003fc3fd  _EST_setRs_pu                                    
abs   003fc4bb  _EST_setMotorParams                              
abs   003fc4c0  _EST_setMaxCurrentSlope_pu                       
abs   003fc4cc  _EST_setLs_q_pu                                  
abs   003fc4d1  _EST_getFullScaleInductance                      
abs   003fc4d6  _EST_setLs_qFmt                                  
abs   003fc52a  _EST_setLs_d_pu                                  
abs   003fc548  _EST_setIq_ref_pu                                
abs   003fc54c  _EST_setIdle_all                                 
abs   003fc55f  _EST_setIdle                                     
abs   003fc565  _EST_setId_ref_pu                                
abs   003fc569  _EST_setIdRated_pu                               
abs   003fc56f  _EST_setFullScaleVoltage                         
abs   003fc573  _EST_setFullScaleResistance                      
abs   003fc58b  _EST_setFullScaleFreq                            
abs   003fc594  _EST_setFullScaleCurrent                         
abs   003fc5b0  _EST_setFlag_updateRs                            
abs   003fc5b4  _EST_setFlag_estComplete                         
abs   003fc5b8  _EST_setFlag_enableRsRecalc                      
abs   003fc5bc  _EST_setFlag_enableRsOnLine                      
abs   003fc5c0  _EST_setFlag_enableForceAngle                    
abs   003fc5c5  _EST_setFlag_enableFluxControl                   
abs   003fc5ed  _EST_resetCounter_ctrl                           
abs   003fc5f2  _EST_getAngle_pu                                 
abs   003fcc5c  _EST_getFullScaleFreq                            
abs   003fcc60  _EST_run                                         
abs   003fcd5d  _EST_isOnLine                                    
abs   003fcd64  _EST_isLockRotor                                 
abs   003fcd6b  _EST_isIdle                                      
abs   003fcd72  _EST_isError                                     
abs   003fce38  _EST_get_pu_to_krpm_sf                           
abs   003fce3d  _EST_get_krpm_to_pu_sf                           
abs   003fceab  _EST_getSpeed_krpm                               
abs   003fcef8  _EST_getRs_Ohm                                   
abs   003fcf92  _EST_getRr_Ohm                                   
abs   003fcf98  _EST_getOneOverDcBus_pu                          
abs   003fcfa2  _EST_getMaxCurrentSlope_pu                       
abs   003fcfae  _EST_getLs_q_pu                                  
abs   003fcfb3  _EST_getLs_q_H                                   
abs   003fcfd5  _EST_getLs_d_pu                                  
abs   003fcfda  _EST_getLs_d_H                                   
abs   003fcfe4  _EST_getLs_coarse_max_pu                         
abs   003fd017  _EST_getIdRated                                  
abs   003fd043  _EST_getFullScaleFlux                            
abs   003fd073  _EST_getFm_pu                                    
abs   003fd090  _EST_getFlux_pu                                  
abs   003fd0a3  _EST_getFlux_VpHz                                
abs   003fd13d  _EST_doSpeedCtrl                                 
abs   003fd145  _EST_doCurrentCtrl                               
abs   003fd14d  _EST_computeR                                    
abs   003fd16d  _EST_computeL                                    
abs   003fd1af  _EST_TRAJ_setParams                              
abs   003fd1be  _EST_I_setParams                                 
abs   003fd1e8  _EST_EPL_setParams                               
abs   003fd237  _EST_Ls_setWaitTimes                             
abs   003fd247  _EST_Ls_setParams                                
abs   003fd284  _EST_Ls_setLs_q                                  
abs   003fd2b6  _EST_Ls_setLs_d                                  
abs   003fd3a8  _EST_Ls_getLs_d                                  
abs   003fd41e  _EST_Flux_setWaitTimes                           
abs   003fd42e  _EST_Flux_setParams                              
abs   003fd49c  _EST_Flux_getRatedFlux_pu                        
abs   003fd514  _EST_Flux_computeOneOverFlux_qFmt                
abs   003fd54d  _EST_RsOnLine_setParams                          
abs   003fd57d  _EST_RsOnLine_setFilterParams                    
abs   003fd6b3  _EST_Rs_setWaitTimes                             
abs   003fd6c3  _EST_Rs_setRs                                    
abs   003fd725  _EST_Rs_setParams                                
abs   003fd767  _EST_Rs_getRs                                    
abs   003fd788  _EST_Rr_setRr                                    
abs   003fd7e9  _EST_Rr_setParams                                
abs   003fd88b  _CTRL_initCtrl                                   
abs   003fd922  _EST_Dir_setParams                               
abs   003fd95c  _EST_Freq_setParams                              
abs   003fd9b0  _EST_Flux_ab_setParams                           
abs   003fd9cc  _EST_Iab_setParams                               
abs   003fd9e5  _EST_Angle_setParams                             
abs   003fd9fb  _EST_Vdq_setParams                               
abs   003fda0d  _EST_OneOverDcBus_setParams                      
abs   003fda1e  _EST_Idq_setParams                               
abs   003fda3b  _EST_Flux_dq_setParams                           
abs   003fda47  _EST_Vback_ab_setParams                          
abs   003fda53  _EST_Vab_setParams                               
abs   003fda5e  _EST_Vback_dq_setParams                          
abs   003fda88  _log                                             
abs   003fdc5e  FD$$MPY                                          
abs   003fdce1  FS$$DIV                                          
abs   003fdd64  _pow                                             
abs   003fdde7  FS$$MPY                                          
abs   003fdeb3  FS$$SUB                                          
abs   003fdeb8  FS$$ADD                                          
abs   003fdf2b  FS$$CMP                                          
abs   003fdf7b  FD$$TOL                                          
abs   003fdfb7  FS$$TOFD                                         
abs   003ff2aa  __IQ24sqrt                                       
abs   003ff82b  __IQ24sinPU                                      
abs   003ff854  __IQ24cosPU                                      
abs   003ff87b  __IQ29rsmpy                                      
abs   003ff8aa  UL$$TOFS                                         
abs   003ff8bd  U$$TOFS                                          
abs   003fff0e  FS$$TOI                                          
abs   003fff33  I$$TOFS                                          
abs   003fff4d  FS$$NEG                                          
abs   003fff52  __IQ30rsmpy                                      
abs   003fff7b  __IQ30toF                                        
abs   003fff8f  __IQ24rmpy                                       
abs   ffffffff  ___TI_pprof_out_hndl                             
abs   ffffffff  ___TI_prof_data_size                             
abs   ffffffff  ___TI_prof_data_start                            
abs   ffffffff  ___binit__                                       
abs   ffffffff  ___c_args__                                      
abs   ffffffff  ___pinit__                                       
abs   ffffffff  binit                                            
abs   ffffffff  pinit                                            

[687 symbols]
