******************************************************************************
             TMS320C2000 Linker PC v16.9.6                     
******************************************************************************
>> Linked Fri Feb 02 22:48:34 2018

OUTPUT FILE NAME:   <remote_car.out>
ENTRY POINT SYMBOL: "code_start"  address: 003f7ff6


MEMORY CONFIGURATION

         name            origin    length      used     unused   attr    fill
----------------------  --------  ---------  --------  --------  ----  --------
PAGE 0:
  P_RAML0               00008000   00000980  000006bc  000002c4  RWIX
  OTP                   003d7800   00000400  00000000  00000400  RWIX
  FLASHB_D              003f0000   00006000  00004006  00001ffa  RWIX
  D_FLASHA              003f6000   00001f80  00000086  00001efa  RWIX
  CSM_RSVD              003f7f80   00000076  00000000  00000076  RWIX
  BEGIN                 003f7ff6   00000002  00000002  00000000  RWIX
  CSM_PWL_P0            003f7ff8   00000008  00000000  00000008  RWIX
  IQTABLES              003fe000   00000b50  00000000  00000b50  RWIX
  IQTABLES2             003feb50   0000008c  00000000  0000008c  RWIX
  IQTABLES3             003febdc   000000aa  00000000  000000aa  RWIX
  ROM                   003ff27c   00000d44  00000000  00000d44  RWIX
  RESET                 003fffc0   00000002  00000000  00000002  RWIX
  VECTORS               003fffc2   0000003e  00000000  0000003e  RWIX

PAGE 1:
  RAMM0_M1              00000000   00000600  00000417  000001e9  RWIX
  D_RAML0               00008980   00000680  00000180  00000500  RWIX


SECTION ALLOCATION MAP

 output                                  attributes/
section   page    origin      length       input sections
--------  ----  ----------  ----------   ----------------
ramfuncs   0    003f0000    000006bc     RUN ADDR = 00008000
                  003f0000    0000052b     ctrl.obj (ramfuncs)
                  003f052b    0000013d     remote_car.obj (ramfuncs:retain)
                  003f0668    00000032     flash.obj (ramfuncs)
                  003f069a    0000001e     hal.obj (ramfuncs)
                  003f06b8    00000004     usDelay.obj (ramfuncs)

.text      0    003f06bc    00003876     
                  003f06bc    00000e94     fast_public.lib : ctrl_priv.obj (.text)
                  003f1550    000008d3     hal.obj (.text)
                  003f1e23    0000077b     drv8305.obj (.text)
                  003f259e    00000458     ctrl.obj (.text)
                  003f29f6    0000042e     user.obj (.text)
                  003f2e24    0000039c     remote_car.obj (.text)
                  003f31c0    000002f7     pwm.obj (.text)
                  003f34b7    000001ea     adc.obj (.text)
                  003f36a1    00000149     gpio.obj (.text)
                  003f37ea    0000012b     clk.obj (.text)
                  003f3915    000000ff     pie.obj (.text)
                  003f3a14    000000a9     spi.obj (.text)
                  003f3abd    00000069     rts2800_ml.lib : s_ceilf.obj (.text)
                  003f3b26    00000060     i2c.obj (.text)
                  003f3b86    0000005b     pll.obj (.text)
                  003f3be1    00000054     rts2800_ml.lib : boot28.obj (.text)
                  003f3c35    00000047     offset.obj (.text)
                  003f3c7c    00000046     wdog.obj (.text)
                  003f3cc2    00000044     pwr.obj (.text)
                  003f3d06    00000038     fem.obj (.text)
                  003f3d3e    00000032     timer.obj (.text)
                  003f3d70    0000002d     osc.obj (.text)
                  003f3d9d    0000002a     rts2800_ml.lib : l_div28.obj (.text)
                  003f3dc7    00000029                    : exit.obj (.text)
                  003f3df0    00000025     cpu.obj (.text)
                  003f3e15    00000024     rts2800_ml.lib : cpy_tbl.obj (.text)
                  003f3e39    00000021     filter_fo.obj (.text)
                  003f3e5a    00000021     rts2800_ml.lib : fs_toul28.obj (.text)
                  003f3e7b    00000020     flash.obj (.text)
                  003f3e9b    0000001d     rts2800_ml.lib : fs_tou28.obj (.text)
                  003f3eb8    0000001d                    : memcpy.obj (.text)
                  003f3ed5    0000001c     cpu_usage.obj (.text)
                  003f3ef1    00000019     rts2800_ml.lib : args_main.obj (.text)
                  003f3f0a    0000000f     memCopy.obj (.text)
                  003f3f19    00000009     rts2800_ml.lib : _lock.obj (.text)
                  003f3f22    00000008     CodeStartBranch.obj (.text)
                  003f3f2a    00000005     pie.obj (.text:retain)
                  003f3f2f    00000002     rts2800_ml.lib : pre_init.obj (.text)
                  003f3f31    00000001                    : startup.obj (.text)

.cinit     0    003f3f32    000000d4     
                  003f3f32    000000b6     remote_car.obj (.cinit)
                  003f3fe8    0000000e     rts2800_ml.lib : exit.obj (.cinit)
                  003f3ff6    00000005                    : _lock.obj (.cinit:__lock)
                  003f3ffb    00000005                    : _lock.obj (.cinit:__unlock)
                  003f4000    00000004     drv8305.obj (.cinit)
                  003f4004    00000002     --HOLE-- [fill = 0]

.pinit     0    003f0000    00000000     UNINITIALIZED

.econst    0    003f6000    00000086     
                  003f6000    0000005c     fast_public.lib : ctrl_priv.obj (.econst)
                  003f605c    00000008     user.obj (.econst)
                  003f6064    00000004     ctrl.obj (.econst:_$P$T0$1)
                  003f6068    00000004     ctrl.obj (.econst:_$P$T1$2)
                  003f606c    00000004     ctrl.obj (.econst:_$P$T2$3)
                  003f6070    00000004     ctrl.obj (.econst:_$P$T3$4)
                  003f6074    00000004     ctrl.obj (.econst:_$P$T4$5)
                  003f6078    00000004     ctrl.obj (.econst:_$P$T5$6)
                  003f607c    00000004     ctrl.obj (.econst)
                  003f6080    00000004     hal.obj (.econst)
                  003f6084    00000002     rts2800_ml.lib : s_ceilf.obj (.econst)

codestart 
*          0    003f7ff6    00000002     
                  003f7ff6    00000002     CodeStartBranch.obj (codestart)

.ebss      1    00000000    00000355     UNINITIALIZED
                  00000000    00000348     remote_car.obj (.ebss)
                  00000348    00000006     rts2800_ml.lib : exit.obj (.ebss)
                  0000034e    00000002                    : _lock.obj (.ebss:__lock)
                  00000350    00000002                    : _lock.obj (.ebss:__unlock)
                  00000352    00000002     drv8305.obj (.ebss)
                  00000354    00000001     cpu.obj (.ebss)

rom_accessed_data 
*          1    00000380    000000c2     UNINITIALIZED
                  00000380    000000c2     hal.obj (rom_accessed_data)

.stack     1    00008980    00000180     UNINITIALIZED
                  00008980    00000180     --HOLE--

.reset     0    003fffc0    00000002     DSECT
                  003fffc0    00000002     rts2800_ml.lib : boot28.obj (.reset)

vectors    0    003fffc2    00000000     DSECT

MODULE SUMMARY

       Module                code    initialized data   uninitialized data
       ------                ----    ----------------   ------------------
    .\
       CodeStartBranch.obj   10      0                  0                 
    +--+---------------------+-------+------------------+--------------------+
       Total:                10      0                  0                 
                                                                          
    .\driver\
       ctrl.obj              3758    28                 0                 
       hal.obj               2319    4                  194               
       drv8305.obj           1915    4                  2                 
       pwm.obj               759     0                  0                 
       adc.obj               490     0                  0                 
       gpio.obj              329     0                  0                 
       clk.obj               299     0                  0                 
       pie.obj               260     0                  0                 
       spi.obj               169     0                  0                 
       flash.obj             132     0                  0                 
       i2c.obj               96      0                  0                 
       pll.obj               91      0                  0                 
       offset.obj            71      0                  0                 
       wdog.obj              70      0                  0                 
       pwr.obj               68      0                  0                 
       fem.obj               56      0                  0                 
       timer.obj             50      0                  0                 
       osc.obj               45      0                  0                 
       cpu.obj               37      0                  1                 
       filter_fo.obj         33      0                  0                 
       cpu_usage.obj         28      0                  0                 
       memCopy.obj           15      0                  0                 
       usDelay.obj           8       0                  0                 
    +--+---------------------+-------+------------------+--------------------+
       Total:                11098   36                 197               
                                                                          
    .\src\
       remote_car.obj        1558    182                840               
       user.obj              1070    8                  0                 
    +--+---------------------+-------+------------------+--------------------+
       Total:                2628    190                840               
                                                                          
    D:/ti/ccsv7/tools/compiler/ti-cgt-c2000_16.9.6.LTS/lib/rts2800_ml.lib
       s_ceilf.obj           105     2                  0                 
       boot28.obj            84      0                  0                 
       exit.obj              41      14                 6                 
       l_div28.obj           42      0                  0                 
       cpy_tbl.obj           36      0                  0                 
       fs_toul28.obj         33      0                  0                 
       fs_tou28.obj          29      0                  0                 
       memcpy.obj            29      0                  0                 
       args_main.obj         25      0                  0                 
       _lock.obj             9       10                 4                 
       pre_init.obj          2       0                  0                 
       startup.obj           1       0                  0                 
    +--+---------------------+-------+------------------+--------------------+
       Total:                436     26                 10                
                                                                          
    D:/ti/motorware/motorware_1_01_00_18/sw/modules/fast/lib/32b/f28x/f2802x/fast_public.lib
       ctrl_priv.obj         3732    92                 0                 
    +--+---------------------+-------+------------------+--------------------+
       Total:                3732    92                 0                 
                                                                          
       Stack:                0       0                  384               
    +--+---------------------+-------+------------------+--------------------+
       Grand Total:          17904   344                1431              


GLOBAL DATA SYMBOLS: SORTED BY DATA PAGE

address     data page           name
--------    ----------------    ----
00000000       0 (00000000)     _Flag_Latch_softwareUpdate
00000001       0 (00000000)     _gCounter_updateGlobals
00000002       0 (00000000)     _gLEDcnt
00000004       0 (00000000)     _gFlux_pu_to_Wb_sf
00000006       0 (00000000)     _gFlux_pu_to_VpHz_sf
00000008       0 (00000000)     _gTorque_Flux_Iq_pu_to_Nm_sf
0000000a       0 (00000000)     _gTorque_Ls_Id_Iq_pu_to_Nm_sf
0000000c       0 (00000000)     _gMaxDeltaCntObserved
0000000e       0 (00000000)     _gNumFreqErrors
00000010       0 (00000000)     _gCpuUsagePercentageMin
00000012       0 (00000000)     _cpu_usageHandle
00000014       0 (00000000)     _ctrlHandle
00000016       0 (00000000)     _halHandle
00000018       0 (00000000)     _femHandle
0000001a       0 (00000000)     _gCpuUsagePercentageMax
0000001c       0 (00000000)     _gCpuUsagePercentageAvg
0000001e       0 (00000000)     _gMaxCurrentSlope
00000020       0 (00000000)     _i2cHandle
00000022       0 (00000000)     _gPwmData
00000028       0 (00000000)     _gAdcData

00000040       1 (00000040)     _fem
00000052       1 (00000040)     _cpu_usage

00000080       2 (00000080)     _gDrvSpi8305Vars

00000100       4 (00000100)     _gMotorVars

00000180       6 (00000180)     _gUserParams

00000240       9 (00000240)     _ctrl

00000348       d (00000340)     ___TI_enable_exit_profile_output
0000034a       d (00000340)     ___TI_cleanup_ptr
0000034c       d (00000340)     ___TI_dtors_ptr
0000034e       d (00000340)     __lock
00000350       d (00000340)     __unlock
00000354       d (00000340)     _cpu

00000380       e (00000380)     _hal

00008980     226 (00008980)     __stack


GLOBAL SYMBOLS: SORTED ALPHABETICALLY BY Name 

page  address   name                                             
----  -------   ----                                             
0     003f06bc  .text                                            
0     003f3dc7  C$$EXIT                                          
abs   003fdc5e  FD$$MPY                                          
abs   003fdf7b  FD$$TOL                                          
abs   003fdeb8  FS$$ADD                                          
abs   003fdf2b  FS$$CMP                                          
abs   003fdce1  FS$$DIV                                          
abs   003fdde7  FS$$MPY                                          
abs   003fff4d  FS$$NEG                                          
abs   003fdeb3  FS$$SUB                                          
abs   003fdfb7  FS$$TOFD                                         
abs   003fff0e  FS$$TOI                                          
0     003f3e9b  FS$$TOU                                          
0     003f3e5a  FS$$TOUL                                         
abs   003fff33  I$$TOFS                                          
0     003f3d9d  L$$DIV                                           
0     003f3dac  L$$MOD                                           
abs   003ff8bd  U$$TOFS                                          
0     003f3dba  UL$$DIV                                          
0     003f3dc1  UL$$MOD                                          
abs   003ff8aa  UL$$TOFS                                         
0     003f3697  _ADC_disable                                     
0     003f368d  _ADC_disableBandGap                              
0     003f3676  _ADC_disableInt                                  
0     003f366c  _ADC_disableNoOverlapMode                        
0     003f3662  _ADC_disableRefBuffers                           
0     003f3658  _ADC_disableVoltRefLoConv                        
0     003f364e  _ADC_enable                                      
0     003f3644  _ADC_enableBandGap                               
0     003f362e  _ADC_enableInt                                   
0     003f3624  _ADC_enableNoOverlapMode                         
0     003f361a  _ADC_enableRefBuffers                            
0     003f3610  _ADC_enableVoltRefLoConv                         
0     003f360b  _ADC_getDivideSelect                             
0     003f3603  _ADC_init                                        
0     003f35f9  _ADC_powerDown                                   
0     003f35ef  _ADC_powerUp                                     
0     003f35e5  _ADC_reset                                       
0     003f35d4  _ADC_setDivideSelect                             
0     003f35b3  _ADC_setIntMode                                  
0     003f35a2  _ADC_setIntPulseGenMode                          
0     003f3581  _ADC_setIntSrc                                   
0     003f357a  _ADC_setOffTrim                                  
0     003f3563  _ADC_setSampleMode                               
0     003f3550  _ADC_setSampleOverlapMode                        
0     003f353c  _ADC_setSocChanNumber                            
0     003f3532  _ADC_setSocFrc                                   
0     003f352b  _ADC_setSocFrcWord                               
0     003f3517  _ADC_setSocSampleDelay                           
0     003f3503  _ADC_setSocTrigSrc                               
0     003f34f2  _ADC_setTempSensorSrc                            
0     003f34e1  _ADC_setVoltRefSrc                               
0     003f34b7  _ADC_setupSocTrigSrc                             
0     003f390e  _CLK_disableAdcClock                             
0     003f3908  _CLK_disableClkIn                                
0     003f3904  _CLK_disableCompClock                            
0     003f38fd  _CLK_disableCpuTimerClock                        
0     003f38f7  _CLK_disableCrystalOsc                           
0     003f38f0  _CLK_disableEcap1Clock                           
0     003f38e9  _CLK_disableGpioInputClock                       
0     003f38e2  _CLK_disableHrPwmClock                           
0     003f38db  _CLK_disableI2cClock                             
0     003f38d5  _CLK_disableOsc1                                 
0     003f38cf  _CLK_disableOsc1HaltMode                         
0     003f38c9  _CLK_disableOsc2                                 
0     003f38c3  _CLK_disableOsc2HaltMode                         
0     003f38b9  _CLK_disablePwmClock                             
0     003f38b2  _CLK_disableSciaClock                            
0     003f38ab  _CLK_disableSpiaClock                            
0     003f38a4  _CLK_disableTbClockSync                          
0     003f389e  _CLK_disableWatchDogHaltMode                     
0     003f3897  _CLK_enableAdcClock                              
0     003f3891  _CLK_enableClkIn                                 
0     003f388b  _CLK_enableCompClock                             
0     003f3885  _CLK_enableCpuTimerClock                         
0     003f387f  _CLK_enableCrystalOsc                            
0     003f3878  _CLK_enableEcap1Clock                            
0     003f3871  _CLK_enableGpioInputClock                        
0     003f386a  _CLK_enableHrPwmClock                            
0     003f3863  _CLK_enableI2cClock                              
0     003f385d  _CLK_enableOsc1                                  
0     003f3857  _CLK_enableOsc1HaltMode                          
0     003f3851  _CLK_enableOsc2                                  
0     003f384b  _CLK_enableOsc2HaltMode                          
0     003f3842  _CLK_enablePwmClock                              
0     003f383b  _CLK_enableSciaClock                             
0     003f3834  _CLK_enableSpiaClock                             
0     003f382d  _CLK_enableTbClockSync                           
0     003f3827  _CLK_enableWatchDogHaltMode                      
0     003f3821  _CLK_init                                        
0     003f381a  _CLK_setClkOutPreScaler                          
0     003f3814  _CLK_setLowSpdPreScaler                          
0     003f380d  _CLK_setOsc2Src                                  
0     003f3806  _CLK_setOscSrc                                   
0     003f37ff  _CLK_setTimer2PreScale                           
0     003f37f8  _CLK_setTimer2Src                                
0     003f37f1  _CLK_setWatchDogSrc                              
0     003f37ea  _CLK_setXClkInSrc                                
0     003f3eeb  _CPU_USAGE_init                                  
0     003f3ed5  _CPU_USAGE_setParams                             
0     003f3e12  _CPU_clearIntFlags                               
0     003f3e0f  _CPU_disableDebugInt                             
0     003f3e0c  _CPU_disableGlobalInts                           
0     003f3e07  _CPU_disableInt                                  
0     003f3e04  _CPU_disableInts                                 
0     003f3e01  _CPU_disableProtectedRegisterWrite               
0     003f3dfe  _CPU_enableDebugInt                              
0     003f3dfb  _CPU_enableGlobalInts                            
0     003f3df7  _CPU_enableInt                                   
0     003f3df4  _CPU_enableProtectedRegisterWrite                
0     003f3df0  _CPU_init                                        
0     003f29ba  _CTRL_getGains                                   
0     003f29b3  _CTRL_getIab_filt_pu                             
0     003f29ac  _CTRL_getIab_in_pu                               
0     003f29a5  _CTRL_getIdq_in_pu                               
0     003f299e  _CTRL_getIdq_ref_pu                              
0     003f29f3  _CTRL_getMagCurrent_pu                           
0     003f29f0  _CTRL_getMaximumSpeed_pu                         
0     003f2997  _CTRL_getVab_in_pu                               
0     003f2990  _CTRL_getVab_out_pu                              
0     003f2989  _CTRL_getVdq_out_pu                              
0     003f1546  _CTRL_getVersion                                 
0     003f2980  _CTRL_getWaitTimes                               
abs   003fd88b  _CTRL_initCtrl                                   
0     0000800a  _CTRL_run                                        
0     003f147a  _CTRL_runTraj                                    
0     003f0d14  _CTRL_setEstParams                               
0     003f26fc  _CTRL_setGains                                   
0     003f29ed  _CTRL_setMagCurrent_pu                           
0     003f29ea  _CTRL_setMaximumSpeed_pu                         
0     003f2724  _CTRL_setParams                                  
0     003f26e9  _CTRL_setSpd_ref_krpm                            
0     003f26e6  _CTRL_setSpd_ref_pu                              
0     003f0be1  _CTRL_setUserMotorParams                         
0     003f26dd  _CTRL_setWaitTimes                               
0     00008000  _CTRL_setup                                      
0     003f26c1  _CTRL_setupClarke_I                              
0     003f26ab  _CTRL_setupClarke_V                              
0     003f09f9  _CTRL_setupCtrl                                  
0     003f085b  _CTRL_setupEstIdleState                          
0     003f0820  _CTRL_setupEstOnLineState                        
0     003f06bc  _CTRL_setupTraj                                  
0     003f2651  _CTRL_setup_user                                 
0     003f259e  _CTRL_updateState                                
0     003f257b  _DRV8305_enable                                  
0     003f2575  _DRV8305_getCSBlank                              
0     003f256f  _DRV8305_getCSGain1                              
0     003f2569  _DRV8305_getCSGain2                              
0     003f2563  _DRV8305_getCSGain3                              
0     003f255c  _DRV8305_getCommOption                           
0     003f2545  _DRV8305_getDcCalMode                            
0     003f253f  _DRV8305_getDeadTime                             
0     003f2539  _DRV8305_getPeakSinkCurHS                        
0     003f2533  _DRV8305_getPeakSinkCurLS                        
0     003f252c  _DRV8305_getPeakSinkTime                         
0     003f2526  _DRV8305_getPeakSourCurHS                        
0     003f2520  _DRV8305_getPeakSourCurLS                        
0     003f2519  _DRV8305_getPeakSourTime                         
0     003f2512  _DRV8305_getPwmMode                              
0     003f250c  _DRV8305_getSleepDelay                           
0     003f2506  _DRV8305_getVDSBlanking                          
0     003f2500  _DRV8305_getVDSDeglitch                          
0     003f24fa  _DRV8305_getVDSLevel                             
0     003f24f4  _DRV8305_getVDSMode                              
0     003f24ed  _DRV8305_getVrefScaling                          
0     003f24e7  _DRV8305_getVregUvLevel                          
0     003f24e1  _DRV8305_getWatchDelay                           
0     003f24d8  _DRV8305_init                                    
0     003f24d1  _DRV8305_isFault                                 
0     003f22f6  _DRV8305_readData                                
0     003f1f23  _DRV8305_readSpi                                 
0     003f22e7  _DRV8305_reset                                   
0     003f22d3  _DRV8305_setCSBlank                              
0     003f22bf  _DRV8305_setCSGain1                              
0     003f22ab  _DRV8305_setCSGain2                              
0     003f2297  _DRV8305_setCSGain3                              
0     003f2283  _DRV8305_setCommOption                           
0     003f225f  _DRV8305_setDcCalMode                            
0     003f224b  _DRV8305_setDeadTime                             
0     003f2249  _DRV8305_setGpioHandle                           
0     003f2247  _DRV8305_setGpioNumber                           
0     003f2233  _DRV8305_setPeakSinkCurHS                        
0     003f221f  _DRV8305_setPeakSinkCurLS                        
0     003f220b  _DRV8305_setPeakSinkTime                         
0     003f21f7  _DRV8305_setPeakSourCurHS                        
0     003f21e3  _DRV8305_setPeakSourTime                         
0     003f21cf  _DRV8305_setPwmMode                              
0     003f21bb  _DRV8305_setSleepDelay                           
0     003f21b9  _DRV8305_setSpiHandle                            
0     003f21a5  _DRV8305_setVDSBlanking                          
0     003f2191  _DRV8305_setVDSDeglitch                          
0     003f217d  _DRV8305_setVDSLevel                             
0     003f2169  _DRV8305_setVDSMode                              
0     003f2155  _DRV8305_setVrefScaling                          
0     003f2141  _DRV8305_setVregUvLevel                          
0     003f212d  _DRV8305_setWatchDelay                           
0     003f1f55  _DRV8305_setupSpi                                
0     003f1e3f  _DRV8305_writeData                               
0     003f1e23  _DRV8305_writeSpi                                
abs   003fd9e5  _EST_Angle_setParams                             
abs   003fd922  _EST_Dir_setParams                               
abs   003fd1e8  _EST_EPL_setParams                               
abs   003fd9b0  _EST_Flux_ab_setParams                           
abs   003fd514  _EST_Flux_computeOneOverFlux_qFmt                
abs   003fda3b  _EST_Flux_dq_setParams                           
abs   003fd49c  _EST_Flux_getRatedFlux_pu                        
abs   003fd42e  _EST_Flux_setParams                              
abs   003fd41e  _EST_Flux_setWaitTimes                           
abs   003fd95c  _EST_Freq_setParams                              
abs   003fd1be  _EST_I_setParams                                 
abs   003fd9cc  _EST_Iab_setParams                               
abs   003fda1e  _EST_Idq_setParams                               
abs   003fd3a8  _EST_Ls_getLs_d                                  
abs   003fd2b6  _EST_Ls_setLs_d                                  
abs   003fd284  _EST_Ls_setLs_q                                  
abs   003fd247  _EST_Ls_setParams                                
abs   003fd237  _EST_Ls_setWaitTimes                             
abs   003fda0d  _EST_OneOverDcBus_setParams                      
abs   003fd7e9  _EST_Rr_setParams                                
abs   003fd788  _EST_Rr_setRr                                    
abs   003fd57d  _EST_RsOnLine_setFilterParams                    
abs   003fd54d  _EST_RsOnLine_setParams                          
abs   003fd767  _EST_Rs_getRs                                    
abs   003fd725  _EST_Rs_setParams                                
abs   003fd6c3  _EST_Rs_setRs                                    
abs   003fd6b3  _EST_Rs_setWaitTimes                             
abs   003fd1af  _EST_TRAJ_setParams                              
abs   003fda53  _EST_Vab_setParams                               
abs   003fda47  _EST_Vback_ab_setParams                          
abs   003fda5e  _EST_Vback_dq_setParams                          
abs   003fd9fb  _EST_Vdq_setParams                               
abs   003fc092  _EST_computeDirection_qFmt                       
abs   003fd16d  _EST_computeL                                    
abs   003fd14d  _EST_computeR                                    
abs   003fd145  _EST_doCurrentCtrl                               
abs   003fd13d  _EST_doSpeedCtrl                                 
abs   003fc5f2  _EST_getAngle_pu                                 
abs   003fd0a3  _EST_getFlux_VpHz                                
abs   003fd090  _EST_getFlux_pu                                  
abs   003fd073  _EST_getFm_pu                                    
abs   003fc062  _EST_getFullScaleCurrent                         
abs   003fd043  _EST_getFullScaleFlux                            
abs   003fcc5c  _EST_getFullScaleFreq                            
abs   003fc4d1  _EST_getFullScaleInductance                      
abs   003fc08e  _EST_getFullScaleVoltage                         
abs   003fd017  _EST_getIdRated                                  
abs   003fcfe4  _EST_getLs_coarse_max_pu                         
abs   003fcfda  _EST_getLs_d_H                                   
abs   003fcfd5  _EST_getLs_d_pu                                  
abs   003fcfb3  _EST_getLs_q_H                                   
abs   003fcfae  _EST_getLs_q_pu                                  
abs   003fcfa2  _EST_getMaxCurrentSlope_pu                       
abs   003fcf98  _EST_getOneOverDcBus_pu                          
abs   003fcf92  _EST_getRr_Ohm                                   
abs   003fcef8  _EST_getRs_Ohm                                   
abs   003fceab  _EST_getSpeed_krpm                               
abs   003fc000  _EST_getState                                    
abs   003fce3d  _EST_get_krpm_to_pu_sf                           
abs   003fce38  _EST_get_pu_to_krpm_sf                           
abs   003fcd72  _EST_isError                                     
abs   003fcd6b  _EST_isIdle                                      
abs   003fcd64  _EST_isLockRotor                                 
abs   003fc05e  _EST_isMotorIdentified                           
abs   003fcd5d  _EST_isOnLine                                    
abs   003fc5ed  _EST_resetCounter_ctrl                           
abs   003fc05a  _EST_resetCounter_state                          
abs   003fcc60  _EST_run                                         
abs   003fc5c5  _EST_setFlag_enableFluxControl                   
abs   003fc5c0  _EST_setFlag_enableForceAngle                    
abs   003fc5bc  _EST_setFlag_enableRsOnLine                      
abs   003fc5b8  _EST_setFlag_enableRsRecalc                      
abs   003fc5b4  _EST_setFlag_estComplete                         
abs   003fc5b0  _EST_setFlag_updateRs                            
abs   003fc594  _EST_setFullScaleCurrent                         
abs   003fc58b  _EST_setFullScaleFreq                            
abs   003fc573  _EST_setFullScaleResistance                      
abs   003fc56f  _EST_setFullScaleVoltage                         
abs   003fc569  _EST_setIdRated_pu                               
abs   003fc565  _EST_setId_ref_pu                                
abs   003fc55f  _EST_setIdle                                     
abs   003fc54c  _EST_setIdle_all                                 
abs   003fc548  _EST_setIq_ref_pu                                
abs   003fc52a  _EST_setLs_d_pu                                  
abs   003fc4d6  _EST_setLs_qFmt                                  
abs   003fc4cc  _EST_setLs_q_pu                                  
abs   003fc4c0  _EST_setMaxCurrentSlope_pu                       
abs   003fc4bb  _EST_setMotorParams                              
abs   003fc3fd  _EST_setRs_pu                                    
abs   003fc3e2  _EST_setWaitTimes                                
abs   003fc3da  _EST_updateId_ref_pu                             
abs   003fc0f8  _EST_updateState                                 
abs   003fc002  _EST_useZeroIq_ref                               
0     003f3d38  _FEM_init                                        
0     003f3d06  _FEM_setParams                                   
0     003f3e57  _FILTER_FO_getDenCoeffs                          
0     003f3e50  _FILTER_FO_getInitialConditions                  
0     003f3e4a  _FILTER_FO_getNumCoeffs                          
0     003f3e44  _FILTER_FO_init                                  
0     003f3e42  _FILTER_FO_setDenCoeffs                          
0     003f3e3d  _FILTER_FO_setInitialConditions                  
0     003f3e39  _FILTER_FO_setNumCoeffs                          
0     003f3e95  _FLASH_clear3VStatus                             
0     00008694  _FLASH_disablePipelineMode                       
0     0000868e  _FLASH_enablePipelineMode                        
0     003f3e92  _FLASH_get3VStatus                               
0     003f3e8f  _FLASH_getActiveWaitCount                        
0     003f3e8b  _FLASH_getActiveWaitStatus                       
0     003f3e88  _FLASH_getPowerMode                              
0     003f3e85  _FLASH_getStandbyWaitCount                       
0     003f3e81  _FLASH_getStandbyWaitStatus                      
0     003f3e7b  _FLASH_init                                      
0     00008689  _FLASH_setActiveWaitCount                        
0     00008682  _FLASH_setNumPagedReadWaitStates                 
0     0000867b  _FLASH_setNumRandomReadWaitStates                
0     00008674  _FLASH_setOtpWaitStates                          
0     0000866d  _FLASH_setPowerMode                              
0     00008668  _FLASH_setStandbyWaitCount                       
1     00000000  _Flag_Latch_softwareUpdate                       
0     003f37dc  _GPIO_getData                                    
0     003f37d1  _GPIO_getPortData                                
0     003f37cb  _GPIO_init                                       
0     003f37c1  _GPIO_lpmSelect                                  
0     003f37ae  _GPIO_read                                       
0     003f3794  _GPIO_setDirection                               
0     003f3789  _GPIO_setExtInt                                  
0     003f3779  _GPIO_setHigh                                    
0     003f3769  _GPIO_setLow                                     
0     003f373a  _GPIO_setMode                                    
0     003f372c  _GPIO_setPortData                                
0     003f3712  _GPIO_setPullUp                                  
0     003f36dc  _GPIO_setQualification                           
0     003f36b1  _GPIO_setQualificationPeriod                     
0     003f36a1  _GPIO_toggle                                     
0     003f1924  _HAL_AdcCalChanSelect                            
0     003f197b  _HAL_AdcCalConversion                            
0     003f1ad3  _HAL_AdcOffsetSelfCal                            
0     003f1b95  _HAL_OscTempComp                                 
0     003f1bea  _HAL_cal                                         
0     003f1e1f  _HAL_disableGlobalInts                           
0     003f1d38  _HAL_disableWdog                                 
0     003f1e0d  _HAL_enableAdcInts                               
0     003f1e09  _HAL_enableDebugInt                              
0     003f1e04  _HAL_enableDrv                                   
0     003f1e00  _HAL_enableGlobalInts                            
0     003f1def  _HAL_enablePwmInt                                
0     003f1b02  _HAL_getOscTrimValue                             
0     003f1d3d  _HAL_init                                        
0     003f1b15  _HAL_osc1Comp                                    
0     003f1b55  _HAL_osc2Comp                                    
0     003f1d33  _HAL_readDrvData                                 
0     003f1d19  _HAL_setDacParameters                            
0     003f1c01  _HAL_setParams                                   
0     003f1872  _HAL_setupAdcs                                   
0     003f1856  _HAL_setupClks                                   
0     003f1851  _HAL_setupDrvSpi                                 
0     003f1837  _HAL_setupFaults                                 
0     0000869a  _HAL_setupFlash                                  
0     003f1822  _HAL_setupGate                                   
0     003f1772  _HAL_setupGpios                                  
0     003f174c  _HAL_setupLaunchPadGpio0and1                     
0     003f1717  _HAL_setupPeripheralClks                         
0     003f16fb  _HAL_setupPie                                    
0     003f16bc  _HAL_setupPll                                    
0     003f15e4  _HAL_setupPwms                                   
0     003f15ae  _HAL_setupSpiA                                   
0     003f1555  _HAL_setupTimers                                 
0     003f1550  _HAL_writeDrvData                                
0     003f3b81  _I2C_MasterControl                               
0     003f3b7d  _I2C_clearRxFifoInt                              
0     003f3b79  _I2C_clearTxFifoInt                              
0     003f3b75  _I2C_disable                                     
0     003f3b71  _I2C_disableFifo                                 
0     003f3b6e  _I2C_disableInt                                  
0     003f3b6a  _I2C_enable                                      
0     003f3b66  _I2C_enableFifo                                  
0     003f3b64  _I2C_enableInt                                   
0     003f3b62  _I2C_getData                                     
0     003f3b5a  _I2C_getFifoData                                 
0     003f3b57  _I2C_getIntSource                                
0     003f3b55  _I2C_getStatus                                   
0     003f3b54  _I2C_init                                        
0     003f3b4f  _I2C_isRxFifoFull                                
0     003f3b4c  _I2C_putData                                     
0     003f3b48  _I2C_resetRxFifo                                 
0     003f3b44  _I2C_resetTxFifo                                 
0     003f3b40  _I2C_setMaster                                   
0     003f3b3e  _I2C_setMasterSlaveAddr                          
0     003f3b36  _I2C_setRxFifoLevel                              
0     003f3b2d  _I2C_setSlave                                    
0     003f3b31  _I2C_setSlaveAddress                             
0     003f3b26  _I2C_setupClock                                  
0     003f3c6d  _OFFSET_getBeta                                  
0     003f3c5c  _OFFSET_init                                     
0     003f3c46  _OFFSET_setBeta                                  
0     003f3c37  _OFFSET_setInitCond                              
0     003f3c35  _OFFSET_setOffset                                
0     003f3d97  _OSC_init                                        
0     003f3d8a  _OSC_setCoarseTrim                               
0     003f3d79  _OSC_setFineTrim                                 
0     003f3d70  _OSC_setTrim                                     
0     003f3a0d  _PIE_clearAllFlags                               
0     003f3a0a  _PIE_clearAllInts                                
0     003f3a07  _PIE_disable                                     
0     003f3a00  _PIE_disableAllInts                              
0     003f39fc  _PIE_disableCaptureInt                           
0     003f39f3  _PIE_disableExtInt                               
0     003f39e9  _PIE_disableInt                                  
0     003f39e6  _PIE_enable                                      
0     003f39ca  _PIE_enableAdcInt                                
0     003f39c6  _PIE_enableCaptureInt                            
0     003f39aa  _PIE_enableExtInt                                
0     003f39a1  _PIE_enableInt                                   
0     003f399c  _PIE_enablePwmInt                                
0     003f3997  _PIE_enablePwmTzInt                              
0     003f3994  _PIE_enableTimer0Int                             
0     003f398b  _PIE_forceInt                                    
0     003f3983  _PIE_getExtIntCount                              
0     003f397c  _PIE_getIntEnables                               
0     003f3975  _PIE_getIntFlags                                 
0     003f3f2a  _PIE_illegalIsr                                  
0     003f396d  _PIE_init                                        
0     003f395c  _PIE_registerPieIntHandler                       
0     003f3951  _PIE_registerSystemIntHandler                    
0     003f3946  _PIE_setDefaultIntVectorTable                    
0     003f3935  _PIE_setExtIntPolarity                           
0     003f3922  _PIE_unregisterPieIntHandler                     
0     003f3915  _PIE_unregisterSystemIntHandler                  
0     003f3bdb  _PLL_disable                                     
0     003f3bd5  _PLL_disableClkDetect                            
0     003f3bcf  _PLL_disableNormRdy                              
0     003f3bc9  _PLL_disableOsc                                  
0     003f3bc3  _PLL_enable                                      
0     003f3bbd  _PLL_enableClkDetect                             
0     003f3bb7  _PLL_enableNormRdy                               
0     003f3bb1  _PLL_enableOsc                                   
0     003f3bad  _PLL_getClkFreq                                  
0     003f3baa  _PLL_getClkStatus                                
0     003f3ba7  _PLL_getDivideSelect                             
0     003f3ba4  _PLL_getLockStatus                               
0     003f3b9e  _PLL_init                                        
0     003f3b98  _PLL_resetClkDetect                              
0     003f3b92  _PLL_setClkFreq                                  
0     003f3b8b  _PLL_setDivideSelect                             
0     003f3b86  _PLL_setLockPeriod                               
0     003f34b1  _PWM_clearTripZone                               
0     003f34ae  _PWM_decrementDeadBandFallingEdgeDelay           
0     003f34ab  _PWM_decrementDeadBandRisingEdgeDelay            
0     003f34a4  _PWM_disableAutoConvert                          
0     003f34a0  _PWM_disableChopping                             
0     003f349d  _PWM_disableCounterLoad                          
0     003f349a  _PWM_disableDeadBand                             
0     003f3496  _PWM_disableDeadBandHalfCycle                    
0     003f348f  _PWM_disableDigitalCompareBlankingWindow         
0     003f3488  _PWM_disableDigitalCompareBlankingWindowInversion
0     003f3481  _PWM_disableHrPeriod                             
0     003f347a  _PWM_disableHrPhaseSync                          
0     003f3476  _PWM_disableInt                                  
0     003f3472  _PWM_disableSocAPulse                            
0     003f346e  _PWM_disableSocBPulse                            
0     003f3467  _PWM_disableTripZoneInt                          
0     003f3460  _PWM_disableTripZoneSrc                          
0     003f345a  _PWM_disableTripZones                            
0     003f3453  _PWM_enableAutoConvert                           
0     003f344f  _PWM_enableChopping                              
0     003f344c  _PWM_enableCounterLoad                           
0     003f3448  _PWM_enableDeadBandHalfCycle                     
0     003f3441  _PWM_enableDigitalCompareBlankingWindow          
0     003f343a  _PWM_enableDigitalCompareBlankingWindowInversion 
0     003f3433  _PWM_enableHrPeriod                              
0     003f342c  _PWM_enableHrPhaseSync                           
0     003f3428  _PWM_enableInt                                   
0     003f3424  _PWM_enableSocAPulse                             
0     003f3420  _PWM_enableSocBPulse                             
0     003f341a  _PWM_enableTripZoneInt                           
0     003f3414  _PWM_enableTripZoneSrc                           
0     003f3411  _PWM_getDeadBandFallingEdgeDelay                 
0     003f340e  _PWM_getDeadBandRisingEdgeDelay                  
0     003f340a  _PWM_getIntCount                                 
0     003f3406  _PWM_getShadowStatus_CmpA                        
0     003f3402  _PWM_getShadowStatus_CmpB                        
0     003f33fd  _PWM_getSocACount                                
0     003f33f8  _PWM_getSocBCount                                
0     003f33f5  _PWM_incrementDeadBandFallingEdgeDelay           
0     003f33f2  _PWM_incrementDeadBandRisingEdgeDelay            
0     003f33ec  _PWM_init                                        
0     003f33e5  _PWM_setActionQualContSWForce_PwmA               
0     003f33dc  _PWM_setActionQualContSWForce_PwmB               
0     003f33d3  _PWM_setActionQual_CntDown_CmpA_PwmA             
0     003f33ca  _PWM_setActionQual_CntDown_CmpA_PwmB             
0     003f33c1  _PWM_setActionQual_CntDown_CmpB_PwmA             
0     003f33b8  _PWM_setActionQual_CntDown_CmpB_PwmB             
0     003f33af  _PWM_setActionQual_CntUp_CmpA_PwmA               
0     003f33a6  _PWM_setActionQual_CntUp_CmpA_PwmB               
0     003f339d  _PWM_setActionQual_CntUp_CmpB_PwmA               
0     003f3394  _PWM_setActionQual_CntUp_CmpB_PwmB               
0     003f338b  _PWM_setActionQual_Period_PwmA                   
0     003f3382  _PWM_setActionQual_Period_PwmB                   
0     003f337b  _PWM_setActionQual_Zero_PwmA                     
0     003f3374  _PWM_setActionQual_Zero_PwmB                     
0     003f336d  _PWM_setChoppingClkFreq                          
0     003f3366  _PWM_setChoppingDutyCycle                        
0     003f335f  _PWM_setChoppingPulseWidth                       
0     003f335b  _PWM_setClkDiv                                   
0     003f3359  _PWM_setCount                                    
0     003f3355  _PWM_setCounterMode                              
0     003f3352  _PWM_setDeadBandFallingEdgeDelay                 
0     003f334b  _PWM_setDeadBandInputMode                        
0     003f3344  _PWM_setDeadBandOutputMode                       
0     003f333d  _PWM_setDeadBandPolarity                         
0     003f333a  _PWM_setDeadBandRisingEdgeDelay                  
0     003f3320  _PWM_setDigitalCompareAEvent1                    
0     003f3310  _PWM_setDigitalCompareAEvent2                    
0     003f32f6  _PWM_setDigitalCompareBEvent1                    
0     003f32e6  _PWM_setDigitalCompareBEvent2                    
0     003f32da  _PWM_setDigitalCompareBlankingPulse              
0     003f32d7  _PWM_setDigitalCompareFilterOffset               
0     003f32cd  _PWM_setDigitalCompareFilterSource               
0     003f32ca  _PWM_setDigitalCompareFilterWindow               
0     003f32bb  _PWM_setDigitalCompareInput                      
0     003f32b7  _PWM_setHighSpeedClkDiv                          
0     003f32ad  _PWM_setHrControlMode                            
0     003f32a3  _PWM_setHrEdgeMode                               
0     003f3299  _PWM_setHrShadowMode                             
0     003f3292  _PWM_setIntMode                                  
0     003f328b  _PWM_setIntPeriod                                
0     003f3287  _PWM_setLoadMode_CmpA                            
0     003f3281  _PWM_setLoadMode_CmpB                            
0     003f327f  _PWM_setPeriod                                   
0     003f327a  _PWM_setPeriodHr                                 
0     003f3276  _PWM_setPeriodLoad                               
0     003f3274  _PWM_setPhase                                    
0     003f3270  _PWM_setPhaseDir                                 
0     003f326c  _PWM_setRunMode                                  
0     003f3266  _PWM_setShadowMode_CmpA                          
0     003f3260  _PWM_setShadowMode_CmpB                          
0     003f3257  _PWM_setSocAPeriod                               
0     003f324d  _PWM_setSocAPulseSrc                             
0     003f3244  _PWM_setSocBPeriod                               
0     003f323b  _PWM_setSocBPulseSrc                             
0     003f3238  _PWM_setSwSync                                   
0     003f3234  _PWM_setSyncMode                                 
0     003f322a  _PWM_setTripZoneDCEventSelect_DCAEVT1            
0     003f321e  _PWM_setTripZoneDCEventSelect_DCAEVT2            
0     003f3212  _PWM_setTripZoneDCEventSelect_DCBEVT1            
0     003f3206  _PWM_setTripZoneDCEventSelect_DCBEVT2            
0     003f31fa  _PWM_setTripZoneState_DCAEVT1                    
0     003f31ee  _PWM_setTripZoneState_DCAEVT2                    
0     003f31e2  _PWM_setTripZoneState_DCBEVT1                    
0     003f31d6  _PWM_setTripZoneState_DCBEVT2                    
0     003f31cc  _PWM_setTripZoneState_TZA                        
0     003f31c0  _PWM_setTripZoneState_TZB                        
0     003f3d03  _PWR_disableBrownOutReset                        
0     003f3cf9  _PWR_disableWatchDogInt                          
0     003f3cf6  _PWR_enableBrownOutReset                         
0     003f3cec  _PWR_enableWatchDogInt                           
0     003f3ce4  _PWR_init                                        
0     003f3cd3  _PWR_setLowPowerMode                             
0     003f3cc2  _PWR_setNumStandByClocks                         
0     003f06bc  _RamfuncsLoadEnd                                 
0     003f0000  _RamfuncsLoadStart                               
0     00008000  _RamfuncsRunStart                                
0     003f3ab9  _SPI_clearRxFifoInt                              
0     003f3ab5  _SPI_clearRxFifoOvf                              
0     003f3ab1  _SPI_clearTxFifoInt                              
0     003f3aae  _SPI_disableInt                                  
0     003f3aab  _SPI_disableLoopBack                             
0     003f3aa8  _SPI_disableOverRunInt                           
0     003f3aa4  _SPI_disableRxFifoInt                            
0     003f3aa1  _SPI_disableTx                                   
0     003f3a9d  _SPI_disableTxFifoEnh                            
0     003f3a99  _SPI_disableTxFifoInt                            
0     003f3a96  _SPI_enable                                      
0     003f3a92  _SPI_enableChannels                              
0     003f3a8f  _SPI_enableInt                                   
0     003f3a8c  _SPI_enableLoopBack                              
0     003f3a89  _SPI_enableOverRunInt                            
0     003f3a85  _SPI_enableRxFifo                                
0     003f3a81  _SPI_enableRxFifoInt                             
0     003f3a7e  _SPI_enableTx                                    
0     003f3a7a  _SPI_enableTxFifo                                
0     003f3a76  _SPI_enableTxFifoEnh                             
0     003f3a72  _SPI_enableTxFifoInt                             
0     003f3a6f  _SPI_getIntFlagStatus                            
0     003f3a6b  _SPI_getRxFifoStatus                             
0     003f3a68  _SPI_getTxBufferStatus                           
0     003f3a64  _SPI_getTxFifoStatus                             
0     003f3a5e  _SPI_init                                        
0     003f3a5b  _SPI_reset                                       
0     003f3a57  _SPI_resetChannels                               
0     003f3a53  _SPI_resetRxFifo                                 
0     003f3a4f  _SPI_resetTxFifo                                 
0     003f3a4d  _SPI_setBaudRate                                 
0     003f3a49  _SPI_setCharLength                               
0     003f3a47  _SPI_setClkPhase                                 
0     003f3a43  _SPI_setClkPolarity                              
0     003f3a41  _SPI_setMode                                     
0     003f3a3a  _SPI_setPriority                                 
0     003f3a33  _SPI_setRxFifoIntLevel                           
0     003f3a2c  _SPI_setSteInv                                   
0     003f3a25  _SPI_setSuspend                                  
0     003f3a1e  _SPI_setTriWire                                  
0     003f3a1b  _SPI_setTxDelay                                  
0     003f3a14  _SPI_setTxFifoIntLevel                           
0     003f3d6d  _TIMER_clearFlag                                 
0     003f3d6a  _TIMER_disableInt                                
0     003f3d67  _TIMER_enableInt                                 
0     003f3d64  _TIMER_getStatus                                 
0     003f3d5e  _TIMER_init                                      
0     003f3d50  _TIMER_setDecimationFactor                       
0     003f3d4c  _TIMER_setEmulationMode                          
0     003f3d3e  _TIMER_setPreScaler                              
0     003f2d63  _USER_calcPIgains                                
0     003f2d5f  _USER_checkForErrors                             
0     003f2d51  _USER_computeFlux                                
0     003f2d15  _USER_computeFlux_pu_to_VpHz_sf                  
0     003f2cd9  _USER_computeFlux_pu_to_Wb_sf                    
0     003f2c9d  _USER_computeTorque_Flux_Iq_pu_to_Nm_sf          
0     003f2c63  _USER_computeTorque_Ls_Id_Iq_pu_to_Nm_sf         
0     003f2c16  _USER_computeTorque_Nm                           
0     003f2bbe  _USER_computeTorque_lbin                         
0     003f2bbb  _USER_getErrorCode                               
0     003f2bb8  _USER_setErrorCode                               
0     003f2a79  _USER_setParams                                  
0     003f29f6  _USER_softwareUpdate1p6                          
0     003f3cba  _WDOG_clearCounter                               
0     003f3cb2  _WDOG_disable                                    
0     003f3cac  _WDOG_disableInt                                 
0     003f3ca6  _WDOG_disableOverRide                            
0     003f3c9d  _WDOG_enable                                     
0     003f3c97  _WDOG_enableInt                                  
0     003f3c91  _WDOG_enableOverRide                             
0     003f3c8e  _WDOG_getIntStatus                               
0     003f3c88  _WDOG_init                                       
0     003f3c86  _WDOG_setCount                                   
0     003f3c7c  _WDOG_setPreScaler                               
abs   003ff854  __IQ24cosPU                                      
abs   003fff8f  __IQ24rmpy                                       
abs   003ff82b  __IQ24sinPU                                      
abs   003ff2aa  __IQ24sqrt                                       
abs   003ff87b  __IQ29rsmpy                                      
abs   003fff52  __IQ30rsmpy                                      
abs   003fff7b  __IQ30toF                                        
1     00008b00  __STACK_END                                      
abs   00000180  __STACK_SIZE                                     
1     0000034a  ___TI_cleanup_ptr                                
1     0000034c  ___TI_dtors_ptr                                  
1     00000348  ___TI_enable_exit_profile_output                 
abs   ffffffff  ___TI_pprof_out_hndl                             
abs   ffffffff  ___TI_prof_data_size                             
abs   ffffffff  ___TI_prof_data_start                            
abs   ffffffff  ___binit__                                       
abs   ffffffff  ___c_args__                                      
0     003f3f32  ___cinit__                                       
0     003f3f32  ___etext__                                       
abs   ffffffff  ___pinit__                                       
0     003f06bc  ___text__                                        
0     003f3ef1  __args_main                                      
1     0000034e  __lock                                           
0     003f3f21  __nop                                            
0     003f3f1d  __register_lock                                  
0     003f3f19  __register_unlock                                
1     00008980  __stack                                          
0     003f3f31  __system_post_cinit                              
0     003f3f2f  __system_pre_init                                
1     00000350  __unlock                                         
0     003f3dc7  _abort                                           
0     003f3be1  _c_int00                                         
0     003f3abd  _ceil                                            
0     003f3abd  _ceilf                                           
0     003f3e15  _copy_in                                         
1     00000354  _cpu                                             
1     00000052  _cpu_usage                                       
1     00000012  _cpu_usageHandle                                 
1     00000240  _ctrl                                            
1     00000014  _ctrlHandle                                      
0     003f3dc9  _exit                                            
1     00000040  _fem                                             
1     00000018  _femHandle                                       
1     00000028  _gAdcData                                        
1     00000001  _gCounter_updateGlobals                          
1     0000001c  _gCpuUsagePercentageAvg                          
1     0000001a  _gCpuUsagePercentageMax                          
1     00000010  _gCpuUsagePercentageMin                          
1     00000080  _gDrvSpi8305Vars                                 
1     00000006  _gFlux_pu_to_VpHz_sf                             
1     00000004  _gFlux_pu_to_Wb_sf                               
1     00000002  _gLEDcnt                                         
1     0000001e  _gMaxCurrentSlope                                
1     0000000c  _gMaxDeltaCntObserved                            
1     00000100  _gMotorVars                                      
1     0000000e  _gNumFreqErrors                                  
1     00000022  _gPwmData                                        
1     00000008  _gTorque_Flux_Iq_pu_to_Nm_sf                     
1     0000000a  _gTorque_Ls_Id_Iq_pu_to_Nm_sf                    
1     00000180  _gUserParams                                     
1     00000380  _hal                                             
1     00000016  _halHandle                                       
1     00000020  _i2cHandle                                       
abs   003fda88  _log                                             
0     003f2ef4  _main                                            
0     0000852b  _mainISR                                         
0     003f3f0a  _memCopy                                         
0     003f3eb8  _memcpy                                          
abs   003fdd64  _pow                                             
0     003f2e97  _updateCPUusage                                  
0     003f2e24  _updateGlobalVariables_motor                     
0     000086b8  _usDelay                                         
abs   ffffffff  binit                                            
0     003f3f32  cinit                                            
0     003f7ff6  code_start                                       
0     003f3f32  etext                                            
abs   ffffffff  pinit                                            


GLOBAL SYMBOLS: SORTED BY Symbol Address 

page  address   name                                             
----  -------   ----                                             
0     00008000  _CTRL_setup                                      
0     00008000  _RamfuncsRunStart                                
0     0000800a  _CTRL_run                                        
0     0000852b  _mainISR                                         
0     00008668  _FLASH_setStandbyWaitCount                       
0     0000866d  _FLASH_setPowerMode                              
0     00008674  _FLASH_setOtpWaitStates                          
0     0000867b  _FLASH_setNumRandomReadWaitStates                
0     00008682  _FLASH_setNumPagedReadWaitStates                 
0     00008689  _FLASH_setActiveWaitCount                        
0     0000868e  _FLASH_enablePipelineMode                        
0     00008694  _FLASH_disablePipelineMode                       
0     0000869a  _HAL_setupFlash                                  
0     000086b8  _usDelay                                         
0     003f0000  _RamfuncsLoadStart                               
0     003f06bc  .text                                            
0     003f06bc  _CTRL_setupTraj                                  
0     003f06bc  _RamfuncsLoadEnd                                 
0     003f06bc  ___text__                                        
0     003f0820  _CTRL_setupEstOnLineState                        
0     003f085b  _CTRL_setupEstIdleState                          
0     003f09f9  _CTRL_setupCtrl                                  
0     003f0be1  _CTRL_setUserMotorParams                         
0     003f0d14  _CTRL_setEstParams                               
0     003f147a  _CTRL_runTraj                                    
0     003f1546  _CTRL_getVersion                                 
0     003f1550  _HAL_writeDrvData                                
0     003f1555  _HAL_setupTimers                                 
0     003f15ae  _HAL_setupSpiA                                   
0     003f15e4  _HAL_setupPwms                                   
0     003f16bc  _HAL_setupPll                                    
0     003f16fb  _HAL_setupPie                                    
0     003f1717  _HAL_setupPeripheralClks                         
0     003f174c  _HAL_setupLaunchPadGpio0and1                     
0     003f1772  _HAL_setupGpios                                  
0     003f1822  _HAL_setupGate                                   
0     003f1837  _HAL_setupFaults                                 
0     003f1851  _HAL_setupDrvSpi                                 
0     003f1856  _HAL_setupClks                                   
0     003f1872  _HAL_setupAdcs                                   
0     003f1924  _HAL_AdcCalChanSelect                            
0     003f197b  _HAL_AdcCalConversion                            
0     003f1ad3  _HAL_AdcOffsetSelfCal                            
0     003f1b02  _HAL_getOscTrimValue                             
0     003f1b15  _HAL_osc1Comp                                    
0     003f1b55  _HAL_osc2Comp                                    
0     003f1b95  _HAL_OscTempComp                                 
0     003f1bea  _HAL_cal                                         
0     003f1c01  _HAL_setParams                                   
0     003f1d19  _HAL_setDacParameters                            
0     003f1d33  _HAL_readDrvData                                 
0     003f1d38  _HAL_disableWdog                                 
0     003f1d3d  _HAL_init                                        
0     003f1def  _HAL_enablePwmInt                                
0     003f1e00  _HAL_enableGlobalInts                            
0     003f1e04  _HAL_enableDrv                                   
0     003f1e09  _HAL_enableDebugInt                              
0     003f1e0d  _HAL_enableAdcInts                               
0     003f1e1f  _HAL_disableGlobalInts                           
0     003f1e23  _DRV8305_writeSpi                                
0     003f1e3f  _DRV8305_writeData                               
0     003f1f23  _DRV8305_readSpi                                 
0     003f1f55  _DRV8305_setupSpi                                
0     003f212d  _DRV8305_setWatchDelay                           
0     003f2141  _DRV8305_setVregUvLevel                          
0     003f2155  _DRV8305_setVrefScaling                          
0     003f2169  _DRV8305_setVDSMode                              
0     003f217d  _DRV8305_setVDSLevel                             
0     003f2191  _DRV8305_setVDSDeglitch                          
0     003f21a5  _DRV8305_setVDSBlanking                          
0     003f21b9  _DRV8305_setSpiHandle                            
0     003f21bb  _DRV8305_setSleepDelay                           
0     003f21cf  _DRV8305_setPwmMode                              
0     003f21e3  _DRV8305_setPeakSourTime                         
0     003f21f7  _DRV8305_setPeakSourCurHS                        
0     003f220b  _DRV8305_setPeakSinkTime                         
0     003f221f  _DRV8305_setPeakSinkCurLS                        
0     003f2233  _DRV8305_setPeakSinkCurHS                        
0     003f2247  _DRV8305_setGpioNumber                           
0     003f2249  _DRV8305_setGpioHandle                           
0     003f224b  _DRV8305_setDeadTime                             
0     003f225f  _DRV8305_setDcCalMode                            
0     003f2283  _DRV8305_setCommOption                           
0     003f2297  _DRV8305_setCSGain3                              
0     003f22ab  _DRV8305_setCSGain2                              
0     003f22bf  _DRV8305_setCSGain1                              
0     003f22d3  _DRV8305_setCSBlank                              
0     003f22e7  _DRV8305_reset                                   
0     003f22f6  _DRV8305_readData                                
0     003f24d1  _DRV8305_isFault                                 
0     003f24d8  _DRV8305_init                                    
0     003f24e1  _DRV8305_getWatchDelay                           
0     003f24e7  _DRV8305_getVregUvLevel                          
0     003f24ed  _DRV8305_getVrefScaling                          
0     003f24f4  _DRV8305_getVDSMode                              
0     003f24fa  _DRV8305_getVDSLevel                             
0     003f2500  _DRV8305_getVDSDeglitch                          
0     003f2506  _DRV8305_getVDSBlanking                          
0     003f250c  _DRV8305_getSleepDelay                           
0     003f2512  _DRV8305_getPwmMode                              
0     003f2519  _DRV8305_getPeakSourTime                         
0     003f2520  _DRV8305_getPeakSourCurLS                        
0     003f2526  _DRV8305_getPeakSourCurHS                        
0     003f252c  _DRV8305_getPeakSinkTime                         
0     003f2533  _DRV8305_getPeakSinkCurLS                        
0     003f2539  _DRV8305_getPeakSinkCurHS                        
0     003f253f  _DRV8305_getDeadTime                             
0     003f2545  _DRV8305_getDcCalMode                            
0     003f255c  _DRV8305_getCommOption                           
0     003f2563  _DRV8305_getCSGain3                              
0     003f2569  _DRV8305_getCSGain2                              
0     003f256f  _DRV8305_getCSGain1                              
0     003f2575  _DRV8305_getCSBlank                              
0     003f257b  _DRV8305_enable                                  
0     003f259e  _CTRL_updateState                                
0     003f2651  _CTRL_setup_user                                 
0     003f26ab  _CTRL_setupClarke_V                              
0     003f26c1  _CTRL_setupClarke_I                              
0     003f26dd  _CTRL_setWaitTimes                               
0     003f26e6  _CTRL_setSpd_ref_pu                              
0     003f26e9  _CTRL_setSpd_ref_krpm                            
0     003f26fc  _CTRL_setGains                                   
0     003f2724  _CTRL_setParams                                  
0     003f2980  _CTRL_getWaitTimes                               
0     003f2989  _CTRL_getVdq_out_pu                              
0     003f2990  _CTRL_getVab_out_pu                              
0     003f2997  _CTRL_getVab_in_pu                               
0     003f299e  _CTRL_getIdq_ref_pu                              
0     003f29a5  _CTRL_getIdq_in_pu                               
0     003f29ac  _CTRL_getIab_in_pu                               
0     003f29b3  _CTRL_getIab_filt_pu                             
0     003f29ba  _CTRL_getGains                                   
0     003f29ea  _CTRL_setMaximumSpeed_pu                         
0     003f29ed  _CTRL_setMagCurrent_pu                           
0     003f29f0  _CTRL_getMaximumSpeed_pu                         
0     003f29f3  _CTRL_getMagCurrent_pu                           
0     003f29f6  _USER_softwareUpdate1p6                          
0     003f2a79  _USER_setParams                                  
0     003f2bb8  _USER_setErrorCode                               
0     003f2bbb  _USER_getErrorCode                               
0     003f2bbe  _USER_computeTorque_lbin                         
0     003f2c16  _USER_computeTorque_Nm                           
0     003f2c63  _USER_computeTorque_Ls_Id_Iq_pu_to_Nm_sf         
0     003f2c9d  _USER_computeTorque_Flux_Iq_pu_to_Nm_sf          
0     003f2cd9  _USER_computeFlux_pu_to_Wb_sf                    
0     003f2d15  _USER_computeFlux_pu_to_VpHz_sf                  
0     003f2d51  _USER_computeFlux                                
0     003f2d5f  _USER_checkForErrors                             
0     003f2d63  _USER_calcPIgains                                
0     003f2e24  _updateGlobalVariables_motor                     
0     003f2e97  _updateCPUusage                                  
0     003f2ef4  _main                                            
0     003f31c0  _PWM_setTripZoneState_TZB                        
0     003f31cc  _PWM_setTripZoneState_TZA                        
0     003f31d6  _PWM_setTripZoneState_DCBEVT2                    
0     003f31e2  _PWM_setTripZoneState_DCBEVT1                    
0     003f31ee  _PWM_setTripZoneState_DCAEVT2                    
0     003f31fa  _PWM_setTripZoneState_DCAEVT1                    
0     003f3206  _PWM_setTripZoneDCEventSelect_DCBEVT2            
0     003f3212  _PWM_setTripZoneDCEventSelect_DCBEVT1            
0     003f321e  _PWM_setTripZoneDCEventSelect_DCAEVT2            
0     003f322a  _PWM_setTripZoneDCEventSelect_DCAEVT1            
0     003f3234  _PWM_setSyncMode                                 
0     003f3238  _PWM_setSwSync                                   
0     003f323b  _PWM_setSocBPulseSrc                             
0     003f3244  _PWM_setSocBPeriod                               
0     003f324d  _PWM_setSocAPulseSrc                             
0     003f3257  _PWM_setSocAPeriod                               
0     003f3260  _PWM_setShadowMode_CmpB                          
0     003f3266  _PWM_setShadowMode_CmpA                          
0     003f326c  _PWM_setRunMode                                  
0     003f3270  _PWM_setPhaseDir                                 
0     003f3274  _PWM_setPhase                                    
0     003f3276  _PWM_setPeriodLoad                               
0     003f327a  _PWM_setPeriodHr                                 
0     003f327f  _PWM_setPeriod                                   
0     003f3281  _PWM_setLoadMode_CmpB                            
0     003f3287  _PWM_setLoadMode_CmpA                            
0     003f328b  _PWM_setIntPeriod                                
0     003f3292  _PWM_setIntMode                                  
0     003f3299  _PWM_setHrShadowMode                             
0     003f32a3  _PWM_setHrEdgeMode                               
0     003f32ad  _PWM_setHrControlMode                            
0     003f32b7  _PWM_setHighSpeedClkDiv                          
0     003f32bb  _PWM_setDigitalCompareInput                      
0     003f32ca  _PWM_setDigitalCompareFilterWindow               
0     003f32cd  _PWM_setDigitalCompareFilterSource               
0     003f32d7  _PWM_setDigitalCompareFilterOffset               
0     003f32da  _PWM_setDigitalCompareBlankingPulse              
0     003f32e6  _PWM_setDigitalCompareBEvent2                    
0     003f32f6  _PWM_setDigitalCompareBEvent1                    
0     003f3310  _PWM_setDigitalCompareAEvent2                    
0     003f3320  _PWM_setDigitalCompareAEvent1                    
0     003f333a  _PWM_setDeadBandRisingEdgeDelay                  
0     003f333d  _PWM_setDeadBandPolarity                         
0     003f3344  _PWM_setDeadBandOutputMode                       
0     003f334b  _PWM_setDeadBandInputMode                        
0     003f3352  _PWM_setDeadBandFallingEdgeDelay                 
0     003f3355  _PWM_setCounterMode                              
0     003f3359  _PWM_setCount                                    
0     003f335b  _PWM_setClkDiv                                   
0     003f335f  _PWM_setChoppingPulseWidth                       
0     003f3366  _PWM_setChoppingDutyCycle                        
0     003f336d  _PWM_setChoppingClkFreq                          
0     003f3374  _PWM_setActionQual_Zero_PwmB                     
0     003f337b  _PWM_setActionQual_Zero_PwmA                     
0     003f3382  _PWM_setActionQual_Period_PwmB                   
0     003f338b  _PWM_setActionQual_Period_PwmA                   
0     003f3394  _PWM_setActionQual_CntUp_CmpB_PwmB               
0     003f339d  _PWM_setActionQual_CntUp_CmpB_PwmA               
0     003f33a6  _PWM_setActionQual_CntUp_CmpA_PwmB               
0     003f33af  _PWM_setActionQual_CntUp_CmpA_PwmA               
0     003f33b8  _PWM_setActionQual_CntDown_CmpB_PwmB             
0     003f33c1  _PWM_setActionQual_CntDown_CmpB_PwmA             
0     003f33ca  _PWM_setActionQual_CntDown_CmpA_PwmB             
0     003f33d3  _PWM_setActionQual_CntDown_CmpA_PwmA             
0     003f33dc  _PWM_setActionQualContSWForce_PwmB               
0     003f33e5  _PWM_setActionQualContSWForce_PwmA               
0     003f33ec  _PWM_init                                        
0     003f33f2  _PWM_incrementDeadBandRisingEdgeDelay            
0     003f33f5  _PWM_incrementDeadBandFallingEdgeDelay           
0     003f33f8  _PWM_getSocBCount                                
0     003f33fd  _PWM_getSocACount                                
0     003f3402  _PWM_getShadowStatus_CmpB                        
0     003f3406  _PWM_getShadowStatus_CmpA                        
0     003f340a  _PWM_getIntCount                                 
0     003f340e  _PWM_getDeadBandRisingEdgeDelay                  
0     003f3411  _PWM_getDeadBandFallingEdgeDelay                 
0     003f3414  _PWM_enableTripZoneSrc                           
0     003f341a  _PWM_enableTripZoneInt                           
0     003f3420  _PWM_enableSocBPulse                             
0     003f3424  _PWM_enableSocAPulse                             
0     003f3428  _PWM_enableInt                                   
0     003f342c  _PWM_enableHrPhaseSync                           
0     003f3433  _PWM_enableHrPeriod                              
0     003f343a  _PWM_enableDigitalCompareBlankingWindowInversion 
0     003f3441  _PWM_enableDigitalCompareBlankingWindow          
0     003f3448  _PWM_enableDeadBandHalfCycle                     
0     003f344c  _PWM_enableCounterLoad                           
0     003f344f  _PWM_enableChopping                              
0     003f3453  _PWM_enableAutoConvert                           
0     003f345a  _PWM_disableTripZones                            
0     003f3460  _PWM_disableTripZoneSrc                          
0     003f3467  _PWM_disableTripZoneInt                          
0     003f346e  _PWM_disableSocBPulse                            
0     003f3472  _PWM_disableSocAPulse                            
0     003f3476  _PWM_disableInt                                  
0     003f347a  _PWM_disableHrPhaseSync                          
0     003f3481  _PWM_disableHrPeriod                             
0     003f3488  _PWM_disableDigitalCompareBlankingWindowInversion
0     003f348f  _PWM_disableDigitalCompareBlankingWindow         
0     003f3496  _PWM_disableDeadBandHalfCycle                    
0     003f349a  _PWM_disableDeadBand                             
0     003f349d  _PWM_disableCounterLoad                          
0     003f34a0  _PWM_disableChopping                             
0     003f34a4  _PWM_disableAutoConvert                          
0     003f34ab  _PWM_decrementDeadBandRisingEdgeDelay            
0     003f34ae  _PWM_decrementDeadBandFallingEdgeDelay           
0     003f34b1  _PWM_clearTripZone                               
0     003f34b7  _ADC_setupSocTrigSrc                             
0     003f34e1  _ADC_setVoltRefSrc                               
0     003f34f2  _ADC_setTempSensorSrc                            
0     003f3503  _ADC_setSocTrigSrc                               
0     003f3517  _ADC_setSocSampleDelay                           
0     003f352b  _ADC_setSocFrcWord                               
0     003f3532  _ADC_setSocFrc                                   
0     003f353c  _ADC_setSocChanNumber                            
0     003f3550  _ADC_setSampleOverlapMode                        
0     003f3563  _ADC_setSampleMode                               
0     003f357a  _ADC_setOffTrim                                  
0     003f3581  _ADC_setIntSrc                                   
0     003f35a2  _ADC_setIntPulseGenMode                          
0     003f35b3  _ADC_setIntMode                                  
0     003f35d4  _ADC_setDivideSelect                             
0     003f35e5  _ADC_reset                                       
0     003f35ef  _ADC_powerUp                                     
0     003f35f9  _ADC_powerDown                                   
0     003f3603  _ADC_init                                        
0     003f360b  _ADC_getDivideSelect                             
0     003f3610  _ADC_enableVoltRefLoConv                         
0     003f361a  _ADC_enableRefBuffers                            
0     003f3624  _ADC_enableNoOverlapMode                         
0     003f362e  _ADC_enableInt                                   
0     003f3644  _ADC_enableBandGap                               
0     003f364e  _ADC_enable                                      
0     003f3658  _ADC_disableVoltRefLoConv                        
0     003f3662  _ADC_disableRefBuffers                           
[...]
0     003f3a9d  _SPI_disableTxFifoEnh                            
0     003f3aa1  _SPI_disableTx                                   
0     003f3aa4  _SPI_disableRxFifoInt                            
0     003f3aa8  _SPI_disableOverRunInt                           
0     003f3aab  _SPI_disableLoopBack                             
0     003f3aae  _SPI_disableInt                                  
0     003f3ab1  _SPI_clearTxFifoInt                              
0     003f3ab5  _SPI_clearRxFifoOvf                              
0     003f3ab9  _SPI_clearRxFifoInt                              
0     003f3abd  _ceil                                            
0     003f3abd  _ceilf                                           
0     003f3b26  _I2C_setupClock                                  
0     003f3b2d  _I2C_setSlave                                    
0     003f3b31  _I2C_setSlaveAddress                             
0     003f3b36  _I2C_setRxFifoLevel                              
0     003f3b3e  _I2C_setMasterSlaveAddr                          
0     003f3b40  _I2C_setMaster                                   
0     003f3b44  _I2C_resetTxFifo                                 
0     003f3b48  _I2C_resetRxFifo                                 
0     003f3b4c  _I2C_putData                                     
0     003f3b4f  _I2C_isRxFifoFull                                
0     003f3b54  _I2C_init                                        
0     003f3b55  _I2C_getStatus                                   
0     003f3b57  _I2C_getIntSource                                
0     003f3b5a  _I2C_getFifoData                                 
0     003f3b62  _I2C_getData                                     
0     003f3b64  _I2C_enableInt                                   
0     003f3b66  _I2C_enableFifo                                  
0     003f3b6a  _I2C_enable                                      
0     003f3b6e  _I2C_disableInt                                  
0     003f3b71  _I2C_disableFifo                                 
0     003f3b75  _I2C_disable                                     
0     003f3b79  _I2C_clearTxFifoInt                              
0     003f3b7d  _I2C_clearRxFifoInt                              
0     003f3b81  _I2C_MasterControl                               
0     003f3b86  _PLL_setLockPeriod                               
0     003f3b8b  _PLL_setDivideSelect                             
0     003f3b92  _PLL_setClkFreq                                  
0     003f3b98  _PLL_resetClkDetect                              
0     003f3b9e  _PLL_init                                        
0     003f3ba4  _PLL_getLockStatus                               
0     003f3ba7  _PLL_getDivideSelect                             
0     003f3baa  _PLL_getClkStatus                                
0     003f3bad  _PLL_getClkFreq                                  
0     003f3bb1  _PLL_enableOsc                                   
0     003f3bb7  _PLL_enableNormRdy                               
0     003f3bbd  _PLL_enableClkDetect                             
0     003f3bc3  _PLL_enable                                      
0     003f3bc9  _PLL_disableOsc                                  
0     003f3bcf  _PLL_disableNormRdy                              
0     003f3bd5  _PLL_disableClkDetect                            
0     003f3bdb  _PLL_disable                                     
0     003f3be1  _c_int00                                         
0     003f3c35  _OFFSET_setOffset                                
0     003f3c37  _OFFSET_setInitCond                              
0     003f3c46  _OFFSET_setBeta                                  
0     003f3c5c  _OFFSET_init                                     
0     003f3c6d  _OFFSET_getBeta                                  
0     003f3c7c  _WDOG_setPreScaler                               
0     003f3c86  _WDOG_setCount                                   
0     003f3c88  _WDOG_init                                       
0     003f3c8e  _WDOG_getIntStatus                               
0     003f3c91  _WDOG_enableOverRide                             
0     003f3c97  _WDOG_enableInt                                  
0     003f3c9d  _WDOG_enable                                     
0     003f3ca6  _WDOG_disableOverRide                            
0     003f3cac  _WDOG_disableInt                                 
0     003f3cb2  _WDOG_disable                                    
0     003f3cba  _WDOG_clearCounter                               
0     003f3cc2  _PWR_setNumStandByClocks                         
0     003f3cd3  _PWR_setLowPowerMode                             
0     003f3ce4  _PWR_init                                        
0     003f3cec  _PWR_enableWatchDogInt                           
0     003f3cf6  _PWR_enableBrownOutReset                         
0     003f3cf9  _PWR_disableWatchDogInt                          
0     003f3d03  _PWR_disableBrownOutReset                        
0     003f3d06  _FEM_setParams                                   
0     003f3d38  _FEM_init                                        
0     003f3d3e  _TIMER_setPreScaler                              
0     003f3d4c  _TIMER_setEmulationMode                          
0     003f3d50  _TIMER_setDecimationFactor                       
0     003f3d5e  _TIMER_init                                      
0     003f3d64  _TIMER_getStatus                                 
0     003f3d67  _TIMER_enableInt                                 
0     003f3d6a  _TIMER_disableInt                                
0     003f3d6d  _TIMER_clearFlag                                 
0     003f3d70  _OSC_setTrim                                     
0     003f3d79  _OSC_setFineTrim                                 
0     003f3d8a  _OSC_setCoarseTrim                               
0     003f3d97  _OSC_init                                        
0     003f3d9d  L$$DIV                                           
0     003f3dac  L$$MOD                                           
0     003f3dba  UL$$DIV                                          
0     003f3dc1  UL$$MOD                                          
0     003f3dc7  C$$EXIT                                          
0     003f3dc7  _abort                                           
0     003f3dc9  _exit                                            
0     003f3df0  _CPU_init                                        
0     003f3df4  _CPU_enableProtectedRegisterWrite                
0     003f3df7  _CPU_enableInt                                   
0     003f3dfb  _CPU_enableGlobalInts                            
0     003f3dfe  _CPU_enableDebugInt                              
0     003f3e01  _CPU_disableProtectedRegisterWrite               
0     003f3e04  _CPU_disableInts                                 
0     003f3e07  _CPU_disableInt                                  
0     003f3e0c  _CPU_disableGlobalInts                           
0     003f3e0f  _CPU_disableDebugInt                             
0     003f3e12  _CPU_clearIntFlags                               
0     003f3e15  _copy_in                                         
0     003f3e39  _FILTER_FO_setNumCoeffs                          
0     003f3e3d  _FILTER_FO_setInitialConditions                  
0     003f3e42  _FILTER_FO_setDenCoeffs                          
0     003f3e44  _FILTER_FO_init                                  
0     003f3e4a  _FILTER_FO_getNumCoeffs                          
0     003f3e50  _FILTER_FO_getInitialConditions                  
0     003f3e57  _FILTER_FO_getDenCoeffs                          
0     003f3e5a  FS$$TOUL                                         
0     003f3e7b  _FLASH_init                                      
0     003f3e81  _FLASH_getStandbyWaitStatus                      
0     003f3e85  _FLASH_getStandbyWaitCount                       
0     003f3e88  _FLASH_getPowerMode                              
0     003f3e8b  _FLASH_getActiveWaitStatus                       
0     003f3e8f  _FLASH_getActiveWaitCount                        
0     003f3e92  _FLASH_get3VStatus                               
0     003f3e95  _FLASH_clear3VStatus                             
0     003f3e9b  FS$$TOU                                          
0     003f3eb8  _memcpy                                          
0     003f3ed5  _CPU_USAGE_setParams                             
0     003f3eeb  _CPU_USAGE_init                                  
0     003f3ef1  __args_main                                      
0     003f3f0a  _memCopy                                         
0     003f3f19  __register_unlock                                
0     003f3f1d  __register_lock                                  
0     003f3f21  __nop                                            
0     003f3f2a  _PIE_illegalIsr                                  
0     003f3f2f  __system_pre_init                                
0     003f3f31  __system_post_cinit                              
0     003f3f32  ___cinit__                                       
0     003f3f32  ___etext__                                       
0     003f3f32  cinit                                            
0     003f3f32  etext                                            
0     003f7ff6  code_start                                       
1     00000000  _Flag_Latch_softwareUpdate                       
1     00000001  _gCounter_updateGlobals                          
1     00000002  _gLEDcnt                                         
1     00000004  _gFlux_pu_to_Wb_sf                               
1     00000006  _gFlux_pu_to_VpHz_sf                             
1     00000008  _gTorque_Flux_Iq_pu_to_Nm_sf                     
1     0000000a  _gTorque_Ls_Id_Iq_pu_to_Nm_sf                    
1     0000000c  _gMaxDeltaCntObserved                            
1     0000000e  _gNumFreqErrors                                  
1     00000010  _gCpuUsagePercentageMin                          
1     00000012  _cpu_usageHandle                                 
1     00000014  _ctrlHandle                                      
1     00000016  _halHandle                                       
1     00000018  _femHandle                                       
1     0000001a  _gCpuUsagePercentageMax                          
1     0000001c  _gCpuUsagePercentageAvg                          
1     0000001e  _gMaxCurrentSlope                                
1     00000020  _i2cHandle                                       
1     00000022  _gPwmData                                        
1     00000028  _gAdcData                                        
1     00000040  _fem                                             
1     00000052  _cpu_usage                                       
1     00000080  _gDrvSpi8305Vars                                 
1     00000100  _gMotorVars                                      
1     00000180  _gUserParams                                     
1     00000240  _ctrl                                            
1     00000348  ___TI_enable_exit_profile_output                 
1     0000034a  ___TI_cleanup_ptr                                
1     0000034c  ___TI_dtors_ptr                                  
1     0000034e  __lock                                           
1     00000350  __unlock                                         
1     00000354  _cpu                                             
1     00000380  _hal                                             
1     00008980  __stack                                          
1     00008b00  __STACK_END                                      
abs   00000180  __STACK_SIZE                                     
abs   003fc000  _EST_getState                                    
abs   003fc002  _EST_useZeroIq_ref                               
abs   003fc05a  _EST_resetCounter_state                          
abs   003fc05e  _EST_isMotorIdentified                           
abs   003fc062  _EST_getFullScaleCurrent                         
abs   003fc08e  _EST_getFullScaleVoltage                         
abs   003fc092  _EST_computeDirection_qFmt                       
abs   003fc0f8  _EST_updateState                                 
abs   003fc3da  _EST_updateId_ref_pu                             
abs   003fc3e2  _EST_setWaitTimes                                
abs   003fc3fd  _EST_setRs_pu                                    
abs   003fc4bb  _EST_setMotorParams                              
abs   003fc4c0  _EST_setMaxCurrentSlope_pu                       
abs   003fc4cc  _EST_setLs_q_pu                                  
abs   003fc4d1  _EST_getFullScaleInductance                      
abs   003fc4d6  _EST_setLs_qFmt                                  
abs   003fc52a  _EST_setLs_d_pu                                  
abs   003fc548  _EST_setIq_ref_pu                                
abs   003fc54c  _EST_setIdle_all                                 
abs   003fc55f  _EST_setIdle                                     
abs   003fc565  _EST_setId_ref_pu                                
abs   003fc569  _EST_setIdRated_pu                               
abs   003fc56f  _EST_setFullScaleVoltage                         
abs   003fc573  _EST_setFullScaleResistance                      
abs   003fc58b  _EST_setFullScaleFreq                            
abs   003fc594  _EST_setFullScaleCurrent                         
abs   003fc5b0  _EST_setFlag_updateRs                            
abs   003fc5b4  _EST_setFlag_estComplete                         
abs   003fc5b8  _EST_setFlag_enableRsRecalc                      
abs   003fc5bc  _EST_setFlag_enableRsOnLine                      
abs   003fc5c0  _EST_setFlag_enableForceAngle                    
abs   003fc5c5  _EST_setFlag_enableFluxControl                   
abs   003fc5ed  _EST_resetCounter_ctrl                           
abs   003fc5f2  _EST_getAngle_pu                                 
abs   003fcc5c  _EST_getFullScaleFreq                            
abs   003fcc60  _EST_run                                         
abs   003fcd5d  _EST_isOnLine                                    
abs   003fcd64  _EST_isLockRotor                                 
abs   003fcd6b  _EST_isIdle                                      
abs   003fcd72  _EST_isError                                     
abs   003fce38  _EST_get_pu_to_krpm_sf                           
abs   003fce3d  _EST_get_krpm_to_pu_sf                           
abs   003fceab  _EST_getSpeed_krpm                               
abs   003fcef8  _EST_getRs_Ohm                                   
abs   003fcf92  _EST_getRr_Ohm                                   
abs   003fcf98  _EST_getOneOverDcBus_pu                          
abs   003fcfa2  _EST_getMaxCurrentSlope_pu                       
abs   003fcfae  _EST_getLs_q_pu                                  
abs   003fcfb3  _EST_getLs_q_H                                   
abs   003fcfd5  _EST_getLs_d_pu                                  
abs   003fcfda  _EST_getLs_d_H                                   
abs   003fcfe4  _EST_getLs_coarse_max_pu                         
abs   003fd017  _EST_getIdRated                                  
abs   003fd043  _EST_getFullScaleFlux                            
abs   003fd073  _EST_getFm_pu                                    
abs   003fd090  _EST_getFlux_pu                                  
abs   003fd0a3  _EST_getFlux_VpHz                                
abs   003fd13d  _EST_doSpeedCtrl                                 
abs   003fd145  _EST_doCurrentCtrl                               
abs   003fd14d  _EST_computeR                                    
abs   003fd16d  _EST_computeL                                    
abs   003fd1af  _EST_TRAJ_setParams                              
abs   003fd1be  _EST_I_setParams                                 
abs   003fd1e8  _EST_EPL_setParams                               
abs   003fd237  _EST_Ls_setWaitTimes                             
abs   003fd247  _EST_Ls_setParams                                
abs   003fd284  _EST_Ls_setLs_q                                  
abs   003fd2b6  _EST_Ls_setLs_d                                  
abs   003fd3a8  _EST_Ls_getLs_d                                  
abs   003fd41e  _EST_Flux_setWaitTimes                           
abs   003fd42e  _EST_Flux_setParams                              
abs   003fd49c  _EST_Flux_getRatedFlux_pu                        
abs   003fd514  _EST_Flux_computeOneOverFlux_qFmt                
abs   003fd54d  _EST_RsOnLine_setParams                          
abs   003fd57d  _EST_RsOnLine_setFilterParams                    
abs   003fd6b3  _EST_Rs_setWaitTimes                             
abs   003fd6c3  _EST_Rs_setRs                                    
abs   003fd725  _EST_Rs_setParams                                
abs   003fd767  _EST_Rs_getRs                                    
abs   003fd788  _EST_Rr_setRr                                    
abs   003fd7e9  _EST_Rr_setParams                                
abs   003fd88b  _CTRL_initCtrl                                   
abs   003fd922  _EST_Dir_setParams                               
abs   003fd95c  _EST_Freq_setParams                              
abs   003fd9b0  _EST_Flux_ab_setParams                           
abs   003fd9cc  _EST_Iab_setParams                               
abs   003fd9e5  _EST_Angle_setParams                             
abs   003fd9fb  _EST_Vdq_setParams                               
abs   003fda0d  _EST_OneOverDcBus_setParams                      
abs   003fda1e  _EST_Idq_setParams                               
abs   003fda3b  _EST_Flux_dq_setParams                           
abs   003fda47  _EST_Vback_ab_setParams                          
abs   003fda53  _EST_Vab_setParams                               
abs   003fda5e  _EST_Vback_dq_setParams                          
abs   003fda88  _log                                             
abs   003fdc5e  FD$$MPY                                          
abs   003fdce1  FS$$DIV                                          
abs   003fdd64  _pow                                             
abs   003fdde7  FS$$MPY                                          
abs   003fdeb3  FS$$SUB                                          
abs   003fdeb8  FS$$ADD                                          
abs   003fdf2b  FS$$CMP                                          
abs   003fdf7b  FD$$TOL                                          
abs   003fdfb7  FS$$TOFD                                         
abs   003ff2aa  __IQ24sqrt                                       
abs   003ff82b  __IQ24sinPU                                      
abs   003ff854  __IQ24cosPU                                      
abs   003ff87b  __IQ29rsmpy                                      
abs   003ff8aa  UL$$TOFS                                         
abs   003ff8bd  U$$TOFS                                          
abs   003fff0e  FS$$TOI                                          
abs   003fff33  I$$TOFS                                          
abs   003fff4d  FS$$NEG                                          
abs   003fff52  __IQ30rsmpy                                      
abs   003fff7b  __IQ30toF                                        
abs   003fff8f  __IQ24rmpy                                       
abs   ffffffff  ___TI_pprof_out_hndl                             
abs   ffffffff  ___TI_prof_data_size                             
abs   ffffffff  ___TI_prof_data_start                            
abs   ffffffff  ___binit__                                       
abs   ffffffff  ___c_args__                                      
abs   ffffffff  ___pinit__                                       
abs   ffffffff  binit                                            
abs   ffffffff  pinit                                            

[712 symbols]
